Component: ARM Compiler 5.06 update 6 (build 750) Tool: armlink [4d35ed]

==============================================================================

Section Cross References

    main.o(i.main) refers to sys_cfg.o(i.Sys_Config) for Sys_Config
    main.o(i.main) refers to stm32f4xx_rcc.o(i.RCC_GetClocksFreq) for RCC_GetClocksFreq
    main.o(i.main) refers to motor.o(i.MotorInit_Handle) for MotorInit_Handle
    main.o(i.main) refers to motor.o(i.MovementHandle) for MovementHandle
    main.o(i.main) refers to comm.o(i.PID_DataHandle) for PID_DataHandle
    main.o(i.main) refers to eventrecorder.o(i.EventRecord2) for EventRecord2
    main.o(i.main) refers to gy86.o(i.MpuGetData) for MpuGetData
    main.o(i.main) refers to stm32f4xx_tim.o(i.TIM_Cmd) for TIM_Cmd
    main.o(i.main) refers to stm32f4xx_tim.o(i.TIM_SetCounter) for TIM_SetCounter
    main.o(i.main) refers to imu.o(i.GetAngle) for GetAngle
    main.o(i.main) refers to pid.o(i.PID_Out_Control) for PID_Out_Control
    main.o(i.main) refers to pid.o(i.PID_In_Control) for PID_In_Control
    main.o(i.main) refers to motor.o(i.Motor_Run) for Motor_Run
    main.o(i.main) refers to comm.o(i.Send_ANOTC) for Send_ANOTC
    main.o(i.main) refers to bluetooth.o(.bss) for USART_RX_BUF
    main.o(i.main) refers to bluetooth.o(.data) for USART_RX_STA
    main.o(i.main) refers to main.o(.data) for .data
    main.o(i.main) refers to imu.o(.data) for dt
    main.o(i.main) refers to pwm.o(.bss) for ch
    main.o(i.main) refers to gy86.o(.bss) for Angle
    main.o(i.main) refers to gy86.o(.bss) for MPU6050
    stm32f4xx_it.o(i.SysTick_Handler) refers to os_core.o(i.OSIntEnter) for OSIntEnter
    stm32f4xx_it.o(i.SysTick_Handler) refers to os_core.o(i.OSTimeTick) for OSTimeTick
    stm32f4xx_it.o(i.SysTick_Handler) refers to os_core.o(i.OSIntExit) for OSIntExit
    sys_cfg.o(i.OS_CPU_SysTickInit) refers to stm32f4xx_rcc.o(i.RCC_GetClocksFreq) for RCC_GetClocksFreq
    sys_cfg.o(i.Sys_Config) refers to system_stm32f4xx.o(i.SystemCoreClockUpdate) for SystemCoreClockUpdate
    sys_cfg.o(i.Sys_Config) refers to oled.o(i.OLED_Init) for OLED_Init
    sys_cfg.o(i.Sys_Config) refers to led.o(i.led_init) for led_init
    sys_cfg.o(i.Sys_Config) refers to misc.o(i.NVIC_PriorityGroupConfig) for NVIC_PriorityGroupConfig
    sys_cfg.o(i.Sys_Config) refers to key.o(i.EXTIX_Init) for EXTIX_Init
    sys_cfg.o(i.Sys_Config) refers to key.o(i.TIM2_Init) for TIM2_Init
    sys_cfg.o(i.Sys_Config) refers to iic.o(i.I2C_Configuration) for I2C_Configuration
    sys_cfg.o(i.Sys_Config) refers to bluetooth.o(i.BlueTooth_Init) for BlueTooth_Init
    sys_cfg.o(i.Sys_Config) refers to gy86.o(i.MPU6050_Init) for MPU6050_Init
    sys_cfg.o(i.Sys_Config) refers to gy86.o(i.HMC5883L_Init) for HMC5883L_Init
    sys_cfg.o(i.Sys_Config) refers to gy86.o(i.calibrate) for calibrate
    sys_cfg.o(i.Sys_Config) refers to pid.o(i.PID_Init) for PID_Init
    sys_cfg.o(i.Sys_Config) refers to pwm.o(i.TIM1_CH1_Cap_Init) for TIM1_CH1_Cap_Init
    sys_cfg.o(i.Sys_Config) refers to eventrecorder.o(i.EventRecorderInitialize) for EventRecorderInitialize
    sys_cfg.o(i.Sys_Config) refers to eventrecorder.o(i.EventRecorderStart) for EventRecorderStart
    task_start.o(i.APP_TASK_START) refers to sys_cfg.o(i.OS_CPU_SysTickInit) for OS_CPU_SysTickInit
    task_start.o(i.APP_TASK_START) refers to os_cpu_a.o(.text) for OS_CPU_SR_Save
    task_start.o(i.APP_TASK_START) refers to os_task.o(i.OSTaskCreateExt) for OSTaskCreateExt
    task_start.o(i.APP_TASK_START) refers to os_task.o(i.OSTaskDel) for OSTaskDel
    task_start.o(i.APP_TASK_START) refers to task_start.o(.bss) for .bss
    task_start.o(i.APP_TASK_START) refers to task_led.o(i.APP_TASK_GREEN) for APP_TASK_GREEN
    task_start.o(i.APP_TASK_START) refers to task_led.o(i.APP_TASK_RED) for APP_TASK_RED
    task_start.o(i.start_task) refers to sys_cfg.o(i.OS_CPU_SysTickInit) for OS_CPU_SysTickInit
    task_start.o(i.start_task) refers to os_core.o(i.OSStatInit) for OSStatInit
    task_start.o(i.start_task) refers to os_cpu_a.o(.text) for OS_CPU_SR_Save
    task_start.o(i.start_task) refers to os_task.o(i.OSTaskCreateExt) for OSTaskCreateExt
    task_start.o(i.start_task) refers to os_task.o(i.OSTaskSuspend) for OSTaskSuspend
    task_start.o(i.start_task) refers to task_receiver.o(.bss) for RECEIVER_TASK_STK
    task_start.o(i.start_task) refers to task_receiver.o(i.receiver_task) for receiver_task
    task_start.o(i.start_task) refers to task_attitude.o(.bss) for ATTITUDE_TASK_STK
    task_start.o(i.start_task) refers to task_attitude.o(i.attitude_task) for attitude_task
    task_start.o(i.start_task) refers to task_scan.o(.bss) for SCAN_TASK_STK
    task_start.o(i.start_task) refers to task_scan.o(i.scan_task) for scan_task
    task_led.o(i.APP_TASK_GREEN) refers to stm32f4xx_gpio.o(i.GPIO_SetBits) for GPIO_SetBits
    task_led.o(i.APP_TASK_GREEN) refers to os_time.o(i.OSTimeDly) for OSTimeDly
[...]
    i.TI2_Config                             0x080039ee   Section        0  stm32f4xx_tim.o(i.TI2_Config)
    TI2_Config                               0x080039ef   Thumb Code    54  stm32f4xx_tim.o(i.TI2_Config)
    i.TI3_Config                             0x08003a24   Section        0  stm32f4xx_tim.o(i.TI3_Config)
    TI3_Config                               0x08003a25   Thumb Code    50  stm32f4xx_tim.o(i.TI3_Config)
    i.TI4_Config                             0x08003a56   Section        0  stm32f4xx_tim.o(i.TI4_Config)
    TI4_Config                               0x08003a57   Thumb Code    54  stm32f4xx_tim.o(i.TI4_Config)
    i.TIM1_CC_IRQHandler                     0x08003a8c   Section        0  pwm.o(i.TIM1_CC_IRQHandler)
    i.TIM1_CH1_Cap_Init                      0x08003b38   Section        0  pwm.o(i.TIM1_CH1_Cap_Init)
    i.TIM2_Init                              0x08003bf4   Section        0  key.o(i.TIM2_Init)
    i.TIM_ClearITPendingBit                  0x08003c1e   Section        0  stm32f4xx_tim.o(i.TIM_ClearITPendingBit)
    i.TIM_Cmd                                0x08003c24   Section        0  stm32f4xx_tim.o(i.TIM_Cmd)
    i.TIM_GetCapture1                        0x08003c3c   Section        0  stm32f4xx_tim.o(i.TIM_GetCapture1)
    i.TIM_GetITStatus                        0x08003c40   Section        0  stm32f4xx_tim.o(i.TIM_GetITStatus)
    i.TIM_ICInit                             0x08003c58   Section        0  stm32f4xx_tim.o(i.TIM_ICInit)
    i.TIM_ITConfig                           0x08003cba   Section        0  stm32f4xx_tim.o(i.TIM_ITConfig)
    i.TIM_InternalClockConfig                0x08003cce   Section        0  stm32f4xx_tim.o(i.TIM_InternalClockConfig)
    i.TIM_OC1Init                            0x08003cd8   Section        0  stm32f4xx_tim.o(i.TIM_OC1Init)
    i.TIM_OC1PolarityConfig                  0x08003d40   Section        0  stm32f4xx_tim.o(i.TIM_OC1PolarityConfig)
    i.TIM_OC1PreloadConfig                   0x08003d4c   Section        0  stm32f4xx_tim.o(i.TIM_OC1PreloadConfig)
    i.TIM_OC2Init                            0x08003d58   Section        0  stm32f4xx_tim.o(i.TIM_OC2Init)
    i.TIM_OC2PreloadConfig                   0x08003de0   Section        0  stm32f4xx_tim.o(i.TIM_OC2PreloadConfig)
    i.TIM_OC3Init                            0x08003df4   Section        0  stm32f4xx_tim.o(i.TIM_OC3Init)
    i.TIM_OC3PreloadConfig                   0x08003e78   Section        0  stm32f4xx_tim.o(i.TIM_OC3PreloadConfig)
    i.TIM_OC4Init                            0x08003e84   Section        0  stm32f4xx_tim.o(i.TIM_OC4Init)
    i.TIM_OC4PreloadConfig                   0x08003ee8   Section        0  stm32f4xx_tim.o(i.TIM_OC4PreloadConfig)
    i.TIM_OCStructInit                       0x08003efc   Section        0  stm32f4xx_tim.o(i.TIM_OCStructInit)
    i.TIM_SetCompare1                        0x08003f10   Section        0  stm32f4xx_tim.o(i.TIM_SetCompare1)
    i.TIM_SetCompare2                        0x08003f14   Section        0  stm32f4xx_tim.o(i.TIM_SetCompare2)
    i.TIM_SetCompare3                        0x08003f18   Section        0  stm32f4xx_tim.o(i.TIM_SetCompare3)
    i.TIM_SetCompare4                        0x08003f1c   Section        0  stm32f4xx_tim.o(i.TIM_SetCompare4)
    i.TIM_SetCounter                         0x08003f20   Section        0  stm32f4xx_tim.o(i.TIM_SetCounter)
    i.TIM_SetIC1Prescaler                    0x08003f24   Section        0  stm32f4xx_tim.o(i.TIM_SetIC1Prescaler)
    i.TIM_SetIC2Prescaler                    0x08003f34   Section        0  stm32f4xx_tim.o(i.TIM_SetIC2Prescaler)
    i.TIM_SetIC3Prescaler                    0x08003f4c   Section        0  stm32f4xx_tim.o(i.TIM_SetIC3Prescaler)
    i.TIM_SetIC4Prescaler                    0x08003f5c   Section        0  stm32f4xx_tim.o(i.TIM_SetIC4Prescaler)
    i.TIM_TimeBaseInit                       0x08003f74   Section        0  stm32f4xx_tim.o(i.TIM_TimeBaseInit)
    i.USART1_IRQHandler                      0x08003ff0   Section        0  bluetooth.o(i.USART1_IRQHandler)
    i.USART_ClearFlag                        0x0800406c   Section        0  stm32f4xx_usart.o(i.USART_ClearFlag)
    i.USART_Cmd                              0x08004074   Section        0  stm32f4xx_usart.o(i.USART_Cmd)
    i.USART_GetFlagStatus                    0x0800408c   Section        0  stm32f4xx_usart.o(i.USART_GetFlagStatus)
    i.USART_ITConfig                         0x0800409a   Section        0  stm32f4xx_usart.o(i.USART_ITConfig)
    i.USART_Init                             0x080040d0   Section        0  stm32f4xx_usart.o(i.USART_Init)
    i.USART_ReceiveData                      0x0800418c   Section        0  stm32f4xx_usart.o(i.USART_ReceiveData)
    i.USART_SendData                         0x08004194   Section        0  stm32f4xx_usart.o(i.USART_SendData)
    i.UsageFault_Handler                     0x0800419c   Section        0  stm32f4xx_it.o(i.UsageFault_Handler)
    i.__0sprintf                             0x080041a0   Section        0  printfa.o(i.__0sprintf)
    i.__ARM_fpclassify                       0x080041c8   Section        0  fpclassify.o(i.__ARM_fpclassify)
    i.__hardfp_asin                          0x080041f8   Section        0  asin.o(i.__hardfp_asin)
    i.__hardfp_atan                          0x08004558   Section        0  atan.o(i.__hardfp_atan)
    i.__hardfp_atan2                         0x08004830   Section        0  atan2.o(i.__hardfp_atan2)
    i.__hardfp_sqrt                          0x08004a20   Section        0  sqrt.o(i.__hardfp_sqrt)
    i.__kernel_poly                          0x08004a9a   Section        0  poly.o(i.__kernel_poly)
    i.__mathlib_dbl_infnan                   0x08004b92   Section        0  dunder.o(i.__mathlib_dbl_infnan)
    i.__mathlib_dbl_infnan2                  0x08004ba6   Section        0  dunder.o(i.__mathlib_dbl_infnan2)
    i.__mathlib_dbl_invalid                  0x08004bc0   Section        0  dunder.o(i.__mathlib_dbl_invalid)
    i.__mathlib_dbl_underflow                0x08004be0   Section        0  dunder.o(i.__mathlib_dbl_underflow)
    i.__scatterload_copy                     0x08004c00   Section       14  handlers.o(i.__scatterload_copy)
    i.__scatterload_null                     0x08004c0e   Section        2  handlers.o(i.__scatterload_null)
    i.__scatterload_zeroinit                 0x08004c10   Section       14  handlers.o(i.__scatterload_zeroinit)
    i.__set_errno                            0x08004c20   Section        0  errno.o(i.__set_errno)
    i._fp_digits                             0x08004c2c   Section        0  printfa.o(i._fp_digits)
    _fp_digits                               0x08004c2d   Thumb Code   366  printfa.o(i._fp_digits)
    i._is_digit                              0x08004db0   Section        0  scanf_fp.o(i._is_digit)
    i._printf_core                           0x08004dc0   Section        0  printfa.o(i._printf_core)
    _printf_core                             0x08004dc1   Thumb Code  1744  printfa.o(i._printf_core)
    i._printf_post_padding                   0x0800549c   Section        0  printfa.o(i._printf_post_padding)
    _printf_post_padding                     0x0800549d   Thumb Code    36  printfa.o(i._printf_post_padding)
    i._printf_pre_padding                    0x080054c0   Section        0  printfa.o(i._printf_pre_padding)
    _printf_pre_padding                      0x080054c1   Thumb Code    46  printfa.o(i._printf_pre_padding)
    i._sputc                                 0x080054ee   Section        0  printfa.o(i._sputc)
    _sputc                                   0x080054ef   Thumb Code    10  printfa.o(i._sputc)
    i.atan                                   0x080054f8   Section        0  atan.o(i.atan)
    i.calibrate                              0x08005508   Section        0  gy86.o(i.calibrate)
    i.crc16_ccitt                            0x0800566c   Section        0  eventrecorder.o(i.crc16_ccitt)
    crc16_ccitt                              0x0800566d   Thumb Code    56  eventrecorder.o(i.crc16_ccitt)
    i.delay_ms                               0x080056a4   Section        0  systick.o(i.delay_ms)
    i.fabs                                   0x080056dc   Section        0  fabs.o(i.fabs)
    i.led_init                               0x080056f4   Section        0  led.o(i.led_init)
    i.main                                   0x08005728   Section        0  main.o(i.main)
    i.my_usart_transmit                      0x08005814   Section        0  comm.o(i.my_usart_transmit)
    i.sqrt                                   0x0800584c   Section        0  sqrt.o(i.sqrt)
    .constdata                               0x080058ba   Section      256  os_core.o(.constdata)
    .constdata                               0x080059bc   Section        4  imu.o(.constdata)
    .constdata                               0x080059c0   Section       24  eventrecorder.o(.constdata)
    __tagsym$$used                           0x080059c0   Number         0  eventrecorder.o(.constdata)
    .constdata                               0x080059d8   Section       80  asin.o(.constdata)
    pS                                       0x080059d8   Data          48  asin.o(.constdata)
    qS                                       0x08005a08   Data          32  asin.o(.constdata)
    .constdata                               0x08005a28   Section      152  atan.o(.constdata)
    atanhi                                   0x08005a28   Data          32  atan.o(.constdata)
    atanlo                                   0x08005a48   Data          32  atan.o(.constdata)
    aTodd                                    0x08005a68   Data          40  atan.o(.constdata)
    aTeven                                   0x08005a90   Data          48  atan.o(.constdata)
    .constdata                               0x08005ac0   Section        8  qnan.o(.constdata)
    .constdata                               0x08005ac8   Section       64  ctype_c.o(.constdata)
    .data                                    0x20000000   Section        4  main.o(.data)
    .data                                    0x20000004   Section        2  os_cpu_c.o(.data)
    OSTmrCtr                                 0x20000004   Data           2  os_cpu_c.o(.data)
    .data                                    0x20000008   Section       60  os_core.o(.data)
    .data                                    0x20000044   Section        4  os_core.o(.data)
    .data                                    0x20000048   Section       16  stm32f4xx_rcc.o(.data)
    APBAHBPrescTable                         0x20000048   Data          16  stm32f4xx_rcc.o(.data)
    .data                                    0x20000058   Section       20  system_stm32f4xx.o(.data)
    .data                                    0x2000006c   Section       20  motor.o(.data)
    .data                                    0x20000080   Section        1  oled.o(.data)
    .data                                    0x20000084   Section       12  pwm.o(.data)
    .data                                    0x20000090   Section        1  pwm.o(.data)
    .data                                    0x20000091   Section        1  pwm.o(.data)
    .data                                    0x20000094   Section       12  key.o(.data)
    .data                                    0x200000a0   Section        2  bluetooth.o(.data)
    .data                                    0x200000a4   Section       96  gy86.o(.data)
    pMpu                                     0x200000a4   Data           4  gy86.o(.data)
    EKF                                      0x200000bc   Data          72  gy86.o(.data)
    .data                                    0x20000104   Section       20  comm.o(.data)
    .data                                    0x20000118   Section       44  imu.o(.data)
    k_acc                                    0x20000118   Data           4  imu.o(.data)
    k_hmc                                    0x2000011c   Data           4  imu.o(.data)
    KpDef                                    0x20000124   Data           4  imu.o(.data)
    KiDef                                    0x20000128   Data           4  imu.o(.data)
    NormAcc                                  0x2000012c   Data           4  imu.o(.data)
    NormHmc                                  0x20000130   Data           4  imu.o(.data)
    .data                                    0x20000144   Section       36  pid.o(.data)
    .data                                    0x20000168   Section        1  eventrecorder.o(.data)
    TS_OverflowLock                          0x20000168   Data           1  eventrecorder.o(.data)
    .data                                    0x2000016c   Section        4  errno.o(.data)
    _errno                                   0x2000016c   Data           4  errno.o(.data)
    .bss                                     0x20000170   Section     3696  os_core.o(.bss)
    .bss                                     0x20000fe0   Section       32  pwm.o(.bss)
    .bss                                     0x20001000   Section       50  bluetooth.o(.bss)
    .bss                                     0x20001034   Section       56  gy86.o(.bss)
    tBuff                                    0x20001040   Data          12  gy86.o(.bss)
    .bss                                     0x2000106c   Section       12  gy86.o(.bss)
    .bss                                     0x20001078   Section       30  comm.o(.bss)
    .bss                                     0x20001098   Section       84  imu.o(.bss)
    .bss                                     0x200010ec   Section      168  pid.o(.bss)
    .bss.noinit                              0x200011c0   Section     1188  eventrecorder.o(.bss.noinit)
    EventBuffer                              0x200011c0   Data        1024  eventrecorder.o(.bss.noinit)
    EventFilter                              0x200015c0   Data         128  eventrecorder.o(.bss.noinit)
    EventStatus                              0x20001640   Data          36  eventrecorder.o(.bss.noinit)
    STACK                                    0x20001668   Section     1024  startup_stm32f40_41xxx.o(STACK)

    Global Symbols

    Symbol Name                              Value     Ov Type        Size  Object(Section)

    BuildAttributes$$THM_ISAv4$E$P$D$K$B$S$7EM$VFPi3$EXTD16$VFPS$VFMA$PE$A:L22UL41UL21$X:L11$S22US41US21$IEEE1$IW$USESV6$~STKCKD$USESV7$~SHL$OTIME$ROPI$IEEEX$EBA8$MICROLIB$REQ8$PRES8$EABIv2 0x00000000   Number         0  anon$$obj.o ABSOLUTE
    __ARM_use_no_argv                        0x00000000   Number         0  main.o ABSOLUTE
    _printf_a                                0x00000000   Number         0  stubs.o ABSOLUTE
    _printf_c                                0x00000000   Number         0  stubs.o ABSOLUTE
    _printf_charcount                        0x00000000   Number         0  stubs.o ABSOLUTE
    _printf_d                                0x00000000   Number         0  stubs.o ABSOLUTE
    _printf_e                                0x00000000   Number         0  stubs.o ABSOLUTE
    _printf_f                                0x00000000   Number         0  stubs.o ABSOLUTE
    _printf_flags                            0x00000000   Number         0  stubs.o ABSOLUTE
    _printf_fp_dec                           0x00000000   Number         0  stubs.o ABSOLUTE
    _printf_fp_hex                           0x00000000   Number         0  stubs.o ABSOLUTE
    _printf_g                                0x00000000   Number         0  stubs.o ABSOLUTE
    _printf_i                                0x00000000   Number         0  stubs.o ABSOLUTE
    _printf_int_dec                          0x00000000   Number         0  stubs.o ABSOLUTE
    _printf_l                                0x00000000   Number         0  stubs.o ABSOLUTE
    _printf_lc                               0x00000000   Number         0  stubs.o ABSOLUTE
    _printf_ll                               0x00000000   Number         0  stubs.o ABSOLUTE
    _printf_lld                              0x00000000   Number         0  stubs.o ABSOLUTE
    _printf_lli                              0x00000000   Number         0  stubs.o ABSOLUTE
    _printf_llo                              0x00000000   Number         0  stubs.o ABSOLUTE
    _printf_llu                              0x00000000   Number         0  stubs.o ABSOLUTE
    _printf_llx                              0x00000000   Number         0  stubs.o ABSOLUTE
    _printf_longlong_dec                     0x00000000   Number         0  stubs.o ABSOLUTE
    _printf_longlong_hex                     0x00000000   Number         0  stubs.o ABSOLUTE
    _printf_longlong_oct                     0x00000000   Number         0  stubs.o ABSOLUTE
    _printf_ls                               0x00000000   Number         0  stubs.o ABSOLUTE
    _printf_mbtowc                           0x00000000   Number         0  stubs.o ABSOLUTE
    _printf_n                                0x00000000   Number         0  stubs.o ABSOLUTE
    _printf_o                                0x00000000   Number         0  stubs.o ABSOLUTE
    _printf_p                                0x00000000   Number         0  stubs.o ABSOLUTE
    _printf_percent                          0x00000000   Number         0  stubs.o ABSOLUTE
    _printf_pre_padding                      0x00000000   Number         0  stubs.o ABSOLUTE
    _printf_return_value                     0x00000000   Number         0  stubs.o ABSOLUTE
    _printf_s                                0x00000000   Number         0  stubs.o ABSOLUTE
    _printf_sizespec                         0x00000000   Number         0  stubs.o ABSOLUTE
    _printf_str                              0x00000000   Number         0  stubs.o ABSOLUTE
    _printf_truncate_signed                  0x00000000   Number         0  stubs.o ABSOLUTE
    _printf_truncate_unsigned                0x00000000   Number         0  stubs.o ABSOLUTE
    _printf_u                                0x00000000   Number         0  stubs.o ABSOLUTE
    _printf_wc                               0x00000000   Number         0  stubs.o ABSOLUTE
    _printf_wctomb                           0x00000000   Number         0  stubs.o ABSOLUTE
    _printf_widthprec                        0x00000000   Number         0  stubs.o ABSOLUTE
    _printf_x                                0x00000000   Number         0  stubs.o ABSOLUTE
    __cpp_initialize__aeabi_                  - Undefined Weak Reference
    __cxa_finalize                            - Undefined Weak Reference
    _clock_init                               - Undefined Weak Reference
    _microlib_exit                            - Undefined Weak Reference
    _scanf_longlong                           - Undefined Weak Reference
    _scanf_string                             - Undefined Weak Reference
    __Vectors_Size                           0x00000188   Number         0  startup_stm32f40_41xxx.o ABSOLUTE
    __Vectors                                0x08000000   Data           4  startup_stm32f40_41xxx.o(RESET)
    __Vectors_End                            0x08000188   Data           0  startup_stm32f40_41xxx.o(RESET)
    __main                                   0x08000189   Thumb Code     0  entry.o(.ARM.Collect$$$$00000000)
    _main_stk                                0x08000189   Thumb Code     0  entry2.o(.ARM.Collect$$$$00000001)
    _main_scatterload                        0x0800018d   Thumb Code     0  entry5.o(.ARM.Collect$$$$00000004)
    __main_after_scatterload                 0x08000191   Thumb Code     0  entry5.o(.ARM.Collect$$$$00000004)
    _main_clock                              0x08000191   Thumb Code     0  entry7b.o(.ARM.Collect$$$$00000008)
    _main_cpp_init                           0x08000191   Thumb Code     0  entry8b.o(.ARM.Collect$$$$0000000A)
    _main_init                               0x08000191   Thumb Code     0  entry9a.o(.ARM.Collect$$$$0000000B)
    __rt_final_cpp                           0x08000199   Thumb Code     0  entry10a.o(.ARM.Collect$$$$0000000D)
    __rt_final_exit                          0x08000199   Thumb Code     0  entry11a.o(.ARM.Collect$$$$0000000F)
    __asm___15_EventRecorder_c_e8d3082c__atomic_inc8 0x0800019d   Thumb Code    18  eventrecorder.o(.emb_text)
    __asm___15_EventRecorder_c_e8d3082c__atomic_inc32 0x080001af   Thumb Code    18  eventrecorder.o(.emb_text)
    __asm___15_EventRecorder_c_e8d3082c__atomic_wr8 0x080001c1   Thumb Code    16  eventrecorder.o(.emb_text)
    __asm___15_EventRecorder_c_e8d3082c__atomic_wr32 0x080001d1   Thumb Code    16  eventrecorder.o(.emb_text)
    __asm___15_EventRecorder_c_e8d3082c__LockRecord 0x080001e1   Thumb Code    34  eventrecorder.o(.emb_text)
    __asm___15_EventRecorder_c_e8d3082c__UnlockRecord 0x08000203   Thumb Code    30  eventrecorder.o(.emb_text)
    OS_CPU_FP_Reg_Push                       0x08000221   Thumb Code     0  os_cpu_a.o(.text)
    OS_CPU_FP_Reg_Pop                        0x0800023b   Thumb Code     0  os_cpu_a.o(.text)
    OS_CPU_SR_Save                           0x0800024d   Thumb Code     0  os_cpu_a.o(.text)
    OS_CPU_SR_Restore                        0x08000255   Thumb Code     0  os_cpu_a.o(.text)
    OSStartHighRdy                           0x0800025b   Thumb Code     0  os_cpu_a.o(.text)
    OSCtxSw                                  0x08000279   Thumb Code     0  os_cpu_a.o(.text)
    OSIntCtxSw                               0x08000283   Thumb Code     0  os_cpu_a.o(.text)
    OS_CPU_PendSVHandler                     0x0800028d   Thumb Code     0  os_cpu_a.o(.text)
    Reset_Handler                            0x080002f1   Thumb Code     8  startup_stm32f40_41xxx.o(.text)
    ADC_IRQHandler                           0x0800030b   Thumb Code     0  startup_stm32f40_41xxx.o(.text)
    CAN1_RX0_IRQHandler                      0x0800030b   Thumb Code     0  startup_stm32f40_41xxx.o(.text)
    CAN1_RX1_IRQHandler                      0x0800030b   Thumb Code     0  startup_stm32f40_41xxx.o(.text)
    CAN1_SCE_IRQHandler                      0x0800030b   Thumb Code     0  startup_stm32f40_41xxx.o(.text)
    CAN1_TX_IRQHandler                       0x0800030b   Thumb Code     0  startup_stm32f40_41xxx.o(.text)
    CAN2_RX0_IRQHandler                      0x0800030b   Thumb Code     0  startup_stm32f40_41xxx.o(.text)
    CAN2_RX1_IRQHandler                      0x0800030b   Thumb Code     0  startup_stm32f40_41xxx.o(.text)
    CAN2_SCE_IRQHandler                      0x0800030b   Thumb Code     0  startup_stm32f40_41xxx.o(.text)
    CAN2_TX_IRQHandler                       0x0800030b   Thumb Code     0  startup_stm32f40_41xxx.o(.text)
    CRYP_IRQHandler                          0x0800030b   Thumb Code     0  startup_stm32f40_41xxx.o(.text)
    DCMI_IRQHandler                          0x0800030b   Thumb Code     0  startup_stm32f40_41xxx.o(.text)
    DMA1_Stream0_IRQHandler                  0x0800030b   Thumb Code     0  startup_stm32f40_41xxx.o(.text)
    DMA1_Stream1_IRQHandler                  0x0800030b   Thumb Code     0  startup_stm32f40_41xxx.o(.text)
    DMA1_Stream2_IRQHandler                  0x0800030b   Thumb Code     0  startup_stm32f40_41xxx.o(.text)
    DMA1_Stream3_IRQHandler                  0x0800030b   Thumb Code     0  startup_stm32f40_41xxx.o(.text)
    DMA1_Stream4_IRQHandler                  0x0800030b   Thumb Code     0  startup_stm32f40_41xxx.o(.text)
    DMA1_Stream5_IRQHandler                  0x0800030b   Thumb Code     0  startup_stm32f40_41xxx.o(.text)
    DMA1_Stream6_IRQHandler                  0x0800030b   Thumb Code     0  startup_stm32f40_41xxx.o(.text)
    DMA1_Stream7_IRQHandler                  0x0800030b   Thumb Code     0  startup_stm32f40_41xxx.o(.text)
    DMA2_Stream0_IRQHandler                  0x0800030b   Thumb Code     0  startup_stm32f40_41xxx.o(.text)
    DMA2_Stream1_IRQHandler                  0x0800030b   Thumb Code     0  startup_stm32f40_41xxx.o(.text)
    DMA2_Stream2_IRQHandler                  0x0800030b   Thumb Code     0  startup_stm32f40_41xxx.o(.text)
    DMA2_Stream3_IRQHandler                  0x0800030b   Thumb Code     0  startup_stm32f40_41xxx.o(.text)
    DMA2_Stream4_IRQHandler                  0x0800030b   Thumb Code     0  startup_stm32f40_41xxx.o(.text)
    DMA2_Stream5_IRQHandler                  0x0800030b   Thumb Code     0  startup_stm32f40_41xxx.o(.text)
    DMA2_Stream6_IRQHandler                  0x0800030b   Thumb Code     0  startup_stm32f40_41xxx.o(.text)
    DMA2_Stream7_IRQHandler                  0x0800030b   Thumb Code     0  startup_stm32f40_41xxx.o(.text)
    ETH_IRQHandler                           0x0800030b   Thumb Code     0  startup_stm32f40_41xxx.o(.text)
    ETH_WKUP_IRQHandler                      0x0800030b   Thumb Code     0  startup_stm32f40_41xxx.o(.text)
    EXTI0_IRQHandler                         0x0800030b   Thumb Code     0  startup_stm32f40_41xxx.o(.text)
    EXTI1_IRQHandler                         0x0800030b   Thumb Code     0  startup_stm32f40_41xxx.o(.text)
    EXTI2_IRQHandler                         0x0800030b   Thumb Code     0  startup_stm32f40_41xxx.o(.text)
    EXTI3_IRQHandler                         0x0800030b   Thumb Code     0  startup_stm32f40_41xxx.o(.text)
    EXTI4_IRQHandler                         0x0800030b   Thumb Code     0  startup_stm32f40_41xxx.o(.text)
    EXTI9_5_IRQHandler                       0x0800030b   Thumb Code     0  startup_stm32f40_41xxx.o(.text)
    FLASH_IRQHandler                         0x0800030b   Thumb Code     0  startup_stm32f40_41xxx.o(.text)
    FPU_IRQHandler                           0x0800030b   Thumb Code     0  startup_stm32f40_41xxx.o(.text)
    FSMC_IRQHandler                          0x0800030b   Thumb Code     0  startup_stm32f40_41xxx.o(.text)
    HASH_RNG_IRQHandler                      0x0800030b   Thumb Code     0  startup_stm32f40_41xxx.o(.text)
    I2C1_ER_IRQHandler                       0x0800030b   Thumb Code     0  startup_stm32f40_41xxx.o(.text)
    I2C1_EV_IRQHandler                       0x0800030b   Thumb Code     0  startup_stm32f40_41xxx.o(.text)
    I2C2_ER_IRQHandler                       0x0800030b   Thumb Code     0  startup_stm32f40_41xxx.o(.text)
    I2C2_EV_IRQHandler                       0x0800030b   Thumb Code     0  startup_stm32f40_41xxx.o(.text)
    I2C3_ER_IRQHandler                       0x0800030b   Thumb Code     0  startup_stm32f40_41xxx.o(.text)
    I2C3_EV_IRQHandler                       0x0800030b   Thumb Code     0  startup_stm32f40_41xxx.o(.text)
    OTG_FS_IRQHandler                        0x0800030b   Thumb Code     0  startup_stm32f40_41xxx.o(.text)
    OTG_FS_WKUP_IRQHandler                   0x0800030b   Thumb Code     0  startup_stm32f40_41xxx.o(.text)
    OTG_HS_EP1_IN_IRQHandler                 0x0800030b   Thumb Code     0  startup_stm32f40_41xxx.o(.text)
    OTG_HS_EP1_OUT_IRQHandler                0x0800030b   Thumb Code     0  startup_stm32f40_41xxx.o(.text)
    OTG_HS_IRQHandler                        0x0800030b   Thumb Code     0  startup_stm32f40_41xxx.o(.text)
    OTG_HS_WKUP_IRQHandler                   0x0800030b   Thumb Code     0  startup_stm32f40_41xxx.o(.text)
    PVD_IRQHandler                           0x0800030b   Thumb Code     0  startup_stm32f40_41xxx.o(.text)
    RCC_IRQHandler                           0x0800030b   Thumb Code     0  startup_stm32f40_41xxx.o(.text)
    RTC_Alarm_IRQHandler                     0x0800030b   Thumb Code     0  startup_stm32f40_41xxx.o(.text)
    RTC_WKUP_IRQHandler                      0x0800030b   Thumb Code     0  startup_stm32f40_41xxx.o(.text)
    SDIO_IRQHandler                          0x0800030b   Thumb Code     0  startup_stm32f40_41xxx.o(.text)
    SPI1_IRQHandler                          0x0800030b   Thumb Code     0  startup_stm32f40_41xxx.o(.text)
    SPI2_IRQHandler                          0x0800030b   Thumb Code     0  startup_stm32f40_41xxx.o(.text)
    SPI3_IRQHandler                          0x0800030b   Thumb Code     0  startup_stm32f40_41xxx.o(.text)
    TAMP_STAMP_IRQHandler                    0x0800030b   Thumb Code     0  startup_stm32f40_41xxx.o(.text)
    TIM1_BRK_TIM9_IRQHandler                 0x0800030b   Thumb Code     0  startup_stm32f40_41xxx.o(.text)
    TIM1_TRG_COM_TIM11_IRQHandler            0x0800030b   Thumb Code     0  startup_stm32f40_41xxx.o(.text)
    TIM1_UP_TIM10_IRQHandler                 0x0800030b   Thumb Code     0  startup_stm32f40_41xxx.o(.text)
    TIM2_IRQHandler                          0x0800030b   Thumb Code     0  startup_stm32f40_41xxx.o(.text)
    TIM3_IRQHandler                          0x0800030b   Thumb Code     0  startup_stm32f40_41xxx.o(.text)
    TIM4_IRQHandler                          0x0800030b   Thumb Code     0  startup_stm32f40_41xxx.o(.text)
    TIM5_IRQHandler                          0x0800030b   Thumb Code     0  startup_stm32f40_41xxx.o(.text)
    TIM6_DAC_IRQHandler                      0x0800030b   Thumb Code     0  startup_stm32f40_41xxx.o(.text)
    TIM7_IRQHandler                          0x0800030b   Thumb Code     0  startup_stm32f40_41xxx.o(.text)
    TIM8_BRK_TIM12_IRQHandler                0x0800030b   Thumb Code     0  startup_stm32f40_41xxx.o(.text)
    TIM8_CC_IRQHandler                       0x0800030b   Thumb Code     0  startup_stm32f40_41xxx.o(.text)
    TIM8_TRG_COM_TIM14_IRQHandler            0x0800030b   Thumb Code     0  startup_stm32f40_41xxx.o(.text)
    TIM8_UP_TIM13_IRQHandler                 0x0800030b   Thumb Code     0  startup_stm32f40_41xxx.o(.text)
    UART4_IRQHandler                         0x0800030b   Thumb Code     0  startup_stm32f40_41xxx.o(.text)
    UART5_IRQHandler                         0x0800030b   Thumb Code     0  startup_stm32f40_41xxx.o(.text)
    USART2_IRQHandler                        0x0800030b   Thumb Code     0  startup_stm32f40_41xxx.o(.text)
    USART3_IRQHandler                        0x0800030b   Thumb Code     0  startup_stm32f40_41xxx.o(.text)
    USART6_IRQHandler                        0x0800030b   Thumb Code     0  startup_stm32f40_41xxx.o(.text)
    WWDG_IRQHandler                          0x0800030b   Thumb Code     0  startup_stm32f40_41xxx.o(.text)
    __aeabi_memset                           0x08000315   Thumb Code    14  memseta.o(.text)
    __aeabi_memset4                          0x08000315   Thumb Code     0  memseta.o(.text)
    __aeabi_memset8                          0x08000315   Thumb Code     0  memseta.o(.text)
    __aeabi_memclr                           0x08000323   Thumb Code     4  memseta.o(.text)
    __aeabi_memclr4                          0x08000323   Thumb Code     0  memseta.o(.text)
    __aeabi_memclr8                          0x08000323   Thumb Code     0  memseta.o(.text)
    _memset$wrapper                          0x08000327   Thumb Code    18  memseta.o(.text)
    __0sscanf                                0x08000339   Thumb Code    48  __0sscanf.o(.text)
    _scanf_int                               0x08000371   Thumb Code   332  _scanf_int.o(.text)
    _scanf_real                              0x080005e5   Thumb Code     0  scanf_fp.o(.text)
    _scanf_really_real                       0x080005e5   Thumb Code   556  scanf_fp.o(.text)
    __aeabi_dadd                             0x0800081d   Thumb Code   322  dadd.o(.text)
    __aeabi_dsub                             0x0800095f   Thumb Code     6  dadd.o(.text)
    __aeabi_drsub                            0x08000965   Thumb Code     6  dadd.o(.text)
    __aeabi_dmul                             0x0800096b   Thumb Code   228  dmul.o(.text)
    __aeabi_ddiv                             0x08000a4f   Thumb Code   222  ddiv.o(.text)
    __aeabi_i2d                              0x08000b2d   Thumb Code    34  dflti.o(.text)
    __aeabi_d2iz                             0x08000b4f   Thumb Code    62  dfixi.o(.text)
    __aeabi_f2d                              0x08000b8d   Thumb Code    38  f2d.o(.text)
    __aeabi_d2f                              0x08000bb3   Thumb Code    56  d2f.o(.text)
    __aeabi_uidiv                            0x08000beb   Thumb Code     0  uidiv.o(.text)
    __aeabi_uidivmod                         0x08000beb   Thumb Code    44  uidiv.o(.text)
    __aeabi_uldivmod                         0x08000c17   Thumb Code    98  uldiv.o(.text)
    __aeabi_llsl                             0x08000c79   Thumb Code    30  llshl.o(.text)
    _ll_shift_l                              0x08000c79   Thumb Code     0  llshl.o(.text)
    __aeabi_llsr                             0x08000c97   Thumb Code    32  llushr.o(.text)
    _ll_ushift_r                             0x08000c97   Thumb Code     0  llushr.o(.text)
    __aeabi_lasr                             0x08000cb7   Thumb Code    36  llsshr.o(.text)
    _ll_sshift_r                             0x08000cb7   Thumb Code     0  llsshr.o(.text)
    _chval                                   0x08000cdb   Thumb Code    28  _chval.o(.text)
    __vfscanf_char                           0x08000d05   Thumb Code    20  scanf_char.o(.text)
    _sgetc                                   0x08000d21   Thumb Code    30  _sgetc.o(.text)
    _sbackspace                              0x08000d3f   Thumb Code    34  _sgetc.o(.text)
    __I$use$fp                               0x08000d61   Thumb Code     0  iusefp.o(.text)
    _float_round                             0x08000d61   Thumb Code    18  fepilogue.o(.text)
    _float_epilogue                          0x08000d73   Thumb Code    92  fepilogue.o(.text)
    _double_round                            0x08000dcf   Thumb Code    30  depilogue.o(.text)
    _double_epilogue                         0x08000ded   Thumb Code   156  depilogue.o(.text)
    _dsqrt                                   0x08000e89   Thumb Code   162  dsqrt.o(.text)
    __aeabi_ul2d                             0x08000f2b   Thumb Code    24  dfltul.o(.text)
    __aeabi_d2ulz                            0x08000f43   Thumb Code    48  dfixul.o(.text)
    __aeabi_cdrcmple                         0x08000f75   Thumb Code    48  cdrcmple.o(.text)
    __scatterload                            0x08000fa5   Thumb Code    28  init.o(.text)
    __scatterload_rt2                        0x08000fa5   Thumb Code     0  init.o(.text)
    isspace                                  0x08000fc9   Thumb Code    10  isspace_c.o(.text)
    __vfscanf                                0x08000fd5   Thumb Code   808  _scanf.o(.text)
    __ctype_lookup                           0x08001301   Thumb Code    34  ctype_c.o(.text)
    __decompress                             0x08001329   Thumb Code     0  __dczerorl2.o(.text)
    __decompress1                            0x08001329   Thumb Code    86  __dczerorl2.o(.text)
    BlueTooth_Init                           0x08001381   Thumb Code   164  bluetooth.o(i.BlueTooth_Init)
    BlueTooth_SendString                     0x0800142d   Thumb Code    36  bluetooth.o(i.BlueTooth_SendString)
    BusFault_Handler                         0x08001455   Thumb Code     2  stm32f4xx_it.o(i.BusFault_Handler)
    DebugMon_Handler                         0x08001457   Thumb Code     2  stm32f4xx_it.o(i.DebugMon_Handler)
    EXTI15_10_IRQHandler                     0x08001459   Thumb Code   212  key.o(i.EXTI15_10_IRQHandler)
    EXTIX_Init                               0x08001555   Thumb Code    80  key.o(i.EXTIX_Init)
    EXTI_ClearITPendingBit                   0x080015a9   Thumb Code     6  stm32f4xx_exti.o(i.EXTI_ClearITPendingBit)
    EXTI_GetITStatus                         0x080015b5   Thumb Code    16  stm32f4xx_exti.o(i.EXTI_GetITStatus)
    EXTI_Init                                0x080015c9   Thumb Code   110  stm32f4xx_exti.o(i.EXTI_Init)
    EventRecord2                             0x080016ad   Thumb Code    62  eventrecorder.o(i.EventRecord2)
    EventRecorderEnable                      0x080017a1   Thumb Code    84  eventrecorder.o(i.EventRecorderEnable)
    EventRecorderInitialize                  0x080017f9   Thumb Code   220  eventrecorder.o(i.EventRecorderInitialize)
    EventRecorderStart                       0x080018f1   Thumb Code    38  eventrecorder.o(i.EventRecorderStart)
    EventRecorderTimerGetCount               0x08001921   Thumb Code     6  eventrecorder.o(i.EventRecorderTimerGetCount)
    EventRecorderTimerSetup                  0x0800192d   Thumb Code    24  eventrecorder.o(i.EventRecorderTimerSetup)
    GPIO_Init                                0x0800194d   Thumb Code   124  stm32f4xx_gpio.o(i.GPIO_Init)
    GPIO_PinAFConfig                         0x080019c9   Thumb Code    32  stm32f4xx_gpio.o(i.GPIO_PinAFConfig)
    GPIO_WriteBit                            0x080019e9   Thumb Code    12  stm32f4xx_gpio.o(i.GPIO_WriteBit)
    GetAngle                                 0x080019f5   Thumb Code  1830  imu.o(i.GetAngle)
    HMC5883L_Init                            0x08002135   Thumb Code    56  gy86.o(i.HMC5883L_Init)
    HMC5883L_Read                            0x0800216d   Thumb Code    48  gy86.o(i.HMC5883L_Read)
    HardFault_Handler                        0x0800219d   Thumb Code     2  stm32f4xx_it.o(i.HardFault_Handler)
    I2C_AcknowledgeConfig                    0x0800219f   Thumb Code    24  stm32f4xx_i2c.o(i.I2C_AcknowledgeConfig)
    I2C_Cmd                                  0x080021b7   Thumb Code    24  stm32f4xx_i2c.o(i.I2C_Cmd)
    I2C_Configuration                        0x080021d1   Thumb Code   144  iic.o(i.I2C_Configuration)
    I2C_DeInit                               0x0800226d   Thumb Code    88  stm32f4xx_i2c.o(i.I2C_DeInit)
    I2C_Init                                 0x080022d1   Thumb Code   178  stm32f4xx_i2c.o(i.I2C_Init)
    I2C_READ_BYTE_LEN                        0x0800238d   Thumb Code   178  iic.o(i.I2C_READ_BYTE_LEN)
    I2C_SEND_BYTE                            0x08002445   Thumb Code    92  iic.o(i.I2C_SEND_BYTE)
    KEY_Init                                 0x080024a5   Thumb Code    44  key.o(i.KEY_Init)
    MPU6050_Init                             0x080024d5   Thumb Code    56  gy86.o(i.MPU6050_Init)
    MPU6050_Read                             0x0800250d   Thumb Code    48  gy86.o(i.MPU6050_Read)
    MY_CHECK_EVENT                           0x0800253d   Thumb Code    42  iic.o(i.MY_CHECK_EVENT)
    MemManage_Handler                        0x0800256d   Thumb Code     2  stm32f4xx_it.o(i.MemManage_Handler)
    MotorInit_Handle                         0x08002571   Thumb Code    68  motor.o(i.MotorInit_Handle)
    Motor_Init                               0x080025c5   Thumb Code   152  motor.o(i.Motor_Init)
    Motor_Run                                0x08002665   Thumb Code   160  motor.o(i.Motor_Run)
    MovementHandle                           0x0800271d   Thumb Code   162  motor.o(i.MovementHandle)
    MpuGetData                               0x080027e9   Thumb Code   158  gy86.o(i.MpuGetData)
    NMI_Handler                              0x08002899   Thumb Code     2  stm32f4xx_it.o(i.NMI_Handler)
    NVIC_Init                                0x0800289d   Thumb Code    98  misc.o(i.NVIC_Init)
    NVIC_PriorityGroupConfig                 0x08002905   Thumb Code    10  misc.o(i.NVIC_PriorityGroupConfig)
    OC_PWM_Init                              0x08002919   Thumb Code   326  pwm.o(i.OC_PWM_Init)
    OLED_Clear                               0x08002a69   Thumb Code    38  oled.o(i.OLED_Clear)
    OLED_I2C_Init                            0x08002a91   Thumb Code    80  oled.o(i.OLED_I2C_Init)
    OLED_I2C_SendByte                        0x08002ae5   Thumb Code    84  oled.o(i.OLED_I2C_SendByte)
    OLED_I2C_Start                           0x08002b3d   Thumb Code    50  oled.o(i.OLED_I2C_Start)
    OLED_I2C_Stop                            0x08002b75   Thumb Code    42  oled.o(i.OLED_I2C_Stop)
    OLED_Init                                0x08002ba5   Thumb Code   172  oled.o(i.OLED_Init)
    OLED_SetCursor                           0x08002c51   Thumb Code    34  oled.o(i.OLED_SetCursor)
    OLED_WriteCommand                        0x08002c73   Thumb Code    34  oled.o(i.OLED_WriteCommand)
    OLED_WriteData                           0x08002c95   Thumb Code    34  oled.o(i.OLED_WriteData)
    OSIntEnter                               0x08002cb9   Thumb Code    20  os_core.o(i.OSIntEnter)
    OSIntExit                                0x08002cd1   Thumb Code    80  os_core.o(i.OSIntExit)
    OSSemPost                                0x08002d29   Thumb Code    84  os_sem.o(i.OSSemPost)
    OSTaskSwHook                             0x08002d7d   Thumb Code     2  os_cpu_c.o(i.OSTaskSwHook)
    OSTimeTick                               0x08002d81   Thumb Code   170  os_core.o(i.OSTimeTick)
    OSTimeTickHook                           0x08002e31   Thumb Code    24  os_cpu_c.o(i.OSTimeTickHook)
    OSTmrSignal                              0x08002e4d   Thumb Code     8  os_tmr.o(i.OSTmrSignal)
    OS_EventTaskRdy                          0x08002e59   Thumb Code   100  os_core.o(i.OS_EventTaskRdy)
    OS_EventTaskRemove                       0x08002ec9   Thumb Code    38  os_core.o(i.OS_EventTaskRemove)
    OS_EventTaskRemoveMulti                  0x08002eef   Thumb Code    40  os_core.o(i.OS_EventTaskRemoveMulti)
    OS_Sched                                 0x08002f19   Thumb Code    64  os_core.o(i.OS_Sched)
    PID_DataHandle                           0x08002f81   Thumb Code   376  comm.o(i.PID_DataHandle)
    PID_In_Control                           0x08003149   Thumb Code   282  pid.o(i.PID_In_Control)
    PID_Init                                 0x08003279   Thumb Code   176  pid.o(i.PID_Init)
    PID_Out_Control                          0x0800334d   Thumb Code   260  pid.o(i.PID_Out_Control)
    PID_StructInit                           0x08003469   Thumb Code    34  pid.o(i.PID_StructInit)
    PPM_Handle                               0x08003491   Thumb Code    86  pwm.o(i.PPM_Handle)
    RCC_AHB1PeriphClockCmd                   0x080034f5   Thumb Code    22  stm32f4xx_rcc.o(i.RCC_AHB1PeriphClockCmd)
    RCC_APB1PeriphClockCmd                   0x08003511   Thumb Code    22  stm32f4xx_rcc.o(i.RCC_APB1PeriphClockCmd)
    RCC_APB1PeriphResetCmd                   0x0800352d   Thumb Code    22  stm32f4xx_rcc.o(i.RCC_APB1PeriphResetCmd)
    RCC_APB2PeriphClockCmd                   0x08003549   Thumb Code    22  stm32f4xx_rcc.o(i.RCC_APB2PeriphClockCmd)
    RCC_GetClocksFreq                        0x08003565   Thumb Code   148  stm32f4xx_rcc.o(i.RCC_GetClocksFreq)
    SVC_Handler                              0x08003605   Thumb Code     2  stm32f4xx_it.o(i.SVC_Handler)
    SYSCFG_EXTILineConfig                    0x08003609   Thumb Code    38  stm32f4xx_syscfg.o(i.SYSCFG_EXTILineConfig)
    Send_ANOTC                               0x08003635   Thumb Code   338  comm.o(i.Send_ANOTC)
    SysTick_Handler                          0x08003879   Thumb Code    18  stm32f4xx_it.o(i.SysTick_Handler)
    Sys_Config                               0x0800388b   Thumb Code    86  sys_cfg.o(i.Sys_Config)
    SystemCoreClockUpdate                    0x080038e1   Thumb Code   120  system_stm32f4xx.o(i.SystemCoreClockUpdate)
    SystemInit                               0x08003965   Thumb Code    74  system_stm32f4xx.o(i.SystemInit)
    TIM1_CC_IRQHandler                       0x08003a8d   Thumb Code   138  pwm.o(i.TIM1_CC_IRQHandler)
    TIM1_CH1_Cap_Init                        0x08003b39   Thumb Code   180  pwm.o(i.TIM1_CH1_Cap_Init)
    TIM2_Init                                0x08003bf5   Thumb Code    42  key.o(i.TIM2_Init)
    TIM_ClearITPendingBit                    0x08003c1f   Thumb Code     6  stm32f4xx_tim.o(i.TIM_ClearITPendingBit)
    TIM_Cmd                                  0x08003c25   Thumb Code    24  stm32f4xx_tim.o(i.TIM_Cmd)
    TIM_GetCapture1                          0x08003c3d   Thumb Code     4  stm32f4xx_tim.o(i.TIM_GetCapture1)
    TIM_GetITStatus                          0x08003c41   Thumb Code    24  stm32f4xx_tim.o(i.TIM_GetITStatus)
    TIM_ICInit                               0x08003c59   Thumb Code    98  stm32f4xx_tim.o(i.TIM_ICInit)
    TIM_ITConfig                             0x08003cbb   Thumb Code    20  stm32f4xx_tim.o(i.TIM_ITConfig)
    TIM_InternalClockConfig                  0x08003ccf   Thumb Code    10  stm32f4xx_tim.o(i.TIM_InternalClockConfig)
    TIM_OC1Init                              0x08003cd9   Thumb Code    96  stm32f4xx_tim.o(i.TIM_OC1Init)
    TIM_OC1PolarityConfig                    0x08003d41   Thumb Code    12  stm32f4xx_tim.o(i.TIM_OC1PolarityConfig)
    TIM_OC1PreloadConfig                     0x08003d4d   Thumb Code    12  stm32f4xx_tim.o(i.TIM_OC1PreloadConfig)
    TIM_OC2Init                              0x08003d59   Thumb Code   128  stm32f4xx_tim.o(i.TIM_OC2Init)
    TIM_OC2PreloadConfig                     0x08003de1   Thumb Code    20  stm32f4xx_tim.o(i.TIM_OC2PreloadConfig)
    TIM_OC3Init                              0x08003df5   Thumb Code   124  stm32f4xx_tim.o(i.TIM_OC3Init)
    TIM_OC3PreloadConfig                     0x08003e79   Thumb Code    12  stm32f4xx_tim.o(i.TIM_OC3PreloadConfig)
    TIM_OC4Init                              0x08003e85   Thumb Code    92  stm32f4xx_tim.o(i.TIM_OC4Init)
    TIM_OC4PreloadConfig                     0x08003ee9   Thumb Code    20  stm32f4xx_tim.o(i.TIM_OC4PreloadConfig)
    TIM_OCStructInit                         0x08003efd   Thumb Code    20  stm32f4xx_tim.o(i.TIM_OCStructInit)
    TIM_SetCompare1                          0x08003f11   Thumb Code     4  stm32f4xx_tim.o(i.TIM_SetCompare1)
    TIM_SetCompare2                          0x08003f15   Thumb Code     4  stm32f4xx_tim.o(i.TIM_SetCompare2)
    TIM_SetCompare3                          0x08003f19   Thumb Code     4  stm32f4xx_tim.o(i.TIM_SetCompare3)
    TIM_SetCompare4                          0x08003f1d   Thumb Code     4  stm32f4xx_tim.o(i.TIM_SetCompare4)
    TIM_SetCounter                           0x08003f21   Thumb Code     4  stm32f4xx_tim.o(i.TIM_SetCounter)
    TIM_SetIC1Prescaler                      0x08003f25   Thumb Code    16  stm32f4xx_tim.o(i.TIM_SetIC1Prescaler)
    TIM_SetIC2Prescaler                      0x08003f35   Thumb Code    24  stm32f4xx_tim.o(i.TIM_SetIC2Prescaler)
    TIM_SetIC3Prescaler                      0x08003f4d   Thumb Code    16  stm32f4xx_tim.o(i.TIM_SetIC3Prescaler)
    TIM_SetIC4Prescaler                      0x08003f5d   Thumb Code    24  stm32f4xx_tim.o(i.TIM_SetIC4Prescaler)
    TIM_TimeBaseInit                         0x08003f75   Thumb Code    96  stm32f4xx_tim.o(i.TIM_TimeBaseInit)
    USART1_IRQHandler                        0x08003ff1   Thumb Code   110  bluetooth.o(i.USART1_IRQHandler)
    USART_ClearFlag                          0x0800406d   Thumb Code     8  stm32f4xx_usart.o(i.USART_ClearFlag)
    USART_Cmd                                0x08004075   Thumb Code    24  stm32f4xx_usart.o(i.USART_Cmd)
    USART_GetFlagStatus                      0x0800408d   Thumb Code    14  stm32f4xx_usart.o(i.USART_GetFlagStatus)
    USART_ITConfig                           0x0800409b   Thumb Code    54  stm32f4xx_usart.o(i.USART_ITConfig)
    USART_Init                               0x080040d1   Thumb Code   180  stm32f4xx_usart.o(i.USART_Init)
    USART_ReceiveData                        0x0800418d   Thumb Code     8  stm32f4xx_usart.o(i.USART_ReceiveData)
    USART_SendData                           0x08004195   Thumb Code     8  stm32f4xx_usart.o(i.USART_SendData)
    UsageFault_Handler                       0x0800419d   Thumb Code     2  stm32f4xx_it.o(i.UsageFault_Handler)
    __0sprintf                               0x080041a1   Thumb Code    34  printfa.o(i.__0sprintf)
    __1sprintf                               0x080041a1   Thumb Code     0  printfa.o(i.__0sprintf)
    __2sprintf                               0x080041a1   Thumb Code     0  printfa.o(i.__0sprintf)
    __c89sprintf                             0x080041a1   Thumb Code     0  printfa.o(i.__0sprintf)
    sprintf                                  0x080041a1   Thumb Code     0  printfa.o(i.__0sprintf)
    __ARM_fpclassify                         0x080041c9   Thumb Code    48  fpclassify.o(i.__ARM_fpclassify)
    __hardfp_asin                            0x080041f9   Thumb Code   770  asin.o(i.__hardfp_asin)
    __hardfp_atan                            0x08004559   Thumb Code   622  atan.o(i.__hardfp_atan)
    __hardfp_atan2                           0x08004831   Thumb Code   432  atan2.o(i.__hardfp_atan2)
    __hardfp_sqrt                            0x08004a21   Thumb Code   122  sqrt.o(i.__hardfp_sqrt)
    __kernel_poly                            0x08004a9b   Thumb Code   248  poly.o(i.__kernel_poly)
    __mathlib_dbl_infnan                     0x08004b93   Thumb Code    20  dunder.o(i.__mathlib_dbl_infnan)
    __mathlib_dbl_infnan2                    0x08004ba7   Thumb Code    20  dunder.o(i.__mathlib_dbl_infnan2)
    __mathlib_dbl_invalid                    0x08004bc1   Thumb Code    24  dunder.o(i.__mathlib_dbl_invalid)
    __mathlib_dbl_underflow                  0x08004be1   Thumb Code    24  dunder.o(i.__mathlib_dbl_underflow)
    __scatterload_copy                       0x08004c01   Thumb Code    14  handlers.o(i.__scatterload_copy)
    __scatterload_null                       0x08004c0f   Thumb Code     2  handlers.o(i.__scatterload_null)
    __scatterload_zeroinit                   0x08004c11   Thumb Code    14  handlers.o(i.__scatterload_zeroinit)
    __set_errno                              0x08004c21   Thumb Code     6  errno.o(i.__set_errno)
    _is_digit                                0x08004db1   Thumb Code    14  scanf_fp.o(i._is_digit)
    atan                                     0x080054f9   Thumb Code    16  atan.o(i.atan)
    calibrate                                0x08005509   Thumb Code   344  gy86.o(i.calibrate)
    delay_ms                                 0x080056a5   Thumb Code    50  systick.o(i.delay_ms)
    fabs                                     0x080056dd   Thumb Code    24  fabs.o(i.fabs)
    led_init                                 0x080056f5   Thumb Code    46  led.o(i.led_init)
    main                                     0x08005729   Thumb Code   188  main.o(i.main)
    my_usart_transmit                        0x08005815   Thumb Code    56  comm.o(i.my_usart_transmit)
    sqrt                                     0x0800584d   Thumb Code   110  sqrt.o(i.sqrt)
    OSUnMapTbl                               0x080058ba   Data         256  os_core.o(.constdata)
    RtA                                      0x080059bc   Data           4  imu.o(.constdata)
    EventRecorderInfo                        0x080059c0   Data          24  eventrecorder.o(.constdata)
    __mathlib_zero                           0x08005ac0   Data           8  qnan.o(.constdata)
    __ctype_categories                       0x08005ac8   Data          64  ctype_c.o(.constdata)
    Region$$Table$$Base                      0x08005b08   Number         0  anon$$obj.o(Region$$Table)
    Region$$Table$$Limit                     0x08005b28   Number         0  anon$$obj.o(Region$$Table)
    time_t                                   0x20000000   Data           4  main.o(.data)
    OSCPUUsage                               0x20000008   Data           1  os_core.o(.data)
    OSStatRdy                                0x20000009   Data           1  os_core.o(.data)
    OSIntNesting                             0x2000000a   Data           1  os_core.o(.data)
    OSLockNesting                            0x2000000b   Data           1  os_core.o(.data)
    OSPrioCur                                0x2000000c   Data           1  os_core.o(.data)
    OSPrioHighRdy                            0x2000000d   Data           1  os_core.o(.data)
    OSRdyGrp                                 0x2000000e   Data           1  os_core.o(.data)
    OSRunning                                0x2000000f   Data           1  os_core.o(.data)
    OSTaskCtr                                0x20000010   Data           1  os_core.o(.data)
    OSTickStepState                          0x20000011   Data           1  os_core.o(.data)
    OSTaskRegNextAvailID                     0x20000012   Data           1  os_core.o(.data)
    OSCtxSwCtr                               0x20000014   Data           4  os_core.o(.data)
    OSEventFreeList                          0x20000018   Data           4  os_core.o(.data)
    OSIdleCtrMax                             0x2000001c   Data           4  os_core.o(.data)
    OSIdleCtrRun                             0x20000020   Data           4  os_core.o(.data)
    OSIdleCtr                                0x20000024   Data           4  os_core.o(.data)
    OSTCBCur                                 0x20000028   Data           4  os_core.o(.data)
    OSTCBFreeList                            0x2000002c   Data           4  os_core.o(.data)
    OSTCBHighRdy                             0x20000030   Data           4  os_core.o(.data)
    OSTCBList                                0x20000034   Data           4  os_core.o(.data)
    OSTime                                   0x20000038   Data           4  os_core.o(.data)
    OSRdyTbl                                 0x2000003c   Data           8  os_core.o(.data)
    OSTmrSemSignal                           0x20000044   Data           4  os_core.o(.data)
    SystemCoreClock                          0x20000058   Data           4  system_stm32f4xx.o(.data)
    AHBPrescTable                            0x2000005c   Data          16  system_stm32f4xx.o(.data)
    Power1                                   0x2000006c   Data           4  motor.o(.data)
    Power2                                   0x20000070   Data           4  motor.o(.data)
    Power3                                   0x20000074   Data           4  motor.o(.data)
    Power4                                   0x20000078   Data           4  motor.o(.data)
    ch3_tmp                                  0x2000007c   Data           4  motor.o(.data)
    clear_flag                               0x20000080   Data           1  oled.o(.data)
    TIM1CH1_CAPTURE_STA                      0x20000084   Data           1  pwm.o(.data)
    cap_1_ch                                 0x20000085   Data           1  pwm.o(.data)
    ch_flag                                  0x20000086   Data           1  pwm.o(.data)
    TIM1CH1_CAPTURE_VAL                      0x20000088   Data           4  pwm.o(.data)
    ch_temp                                  0x2000008c   Data           4  pwm.o(.data)
    ElcContrller_last                        0x20000090   Data           1  pwm.o(.data)
    ElcContrller_cur                         0x20000091   Data           1  pwm.o(.data)
    key_flag                                 0x20000094   Data           1  key.o(.data)
    scan_flag                                0x20000096   Data           2  key.o(.data)
    EXTI_InitStructure                       0x20000098   Data           8  key.o(.data)
    USART_RX_STA                             0x200000a0   Data           2  bluetooth.o(.data)
    Hmc_X0                                   0x200000a8   Data           4  gy86.o(.data)
    Hmc_Y0                                   0x200000ac   Data           4  gy86.o(.data)
    Hmc_Z0                                   0x200000b0   Data           4  gy86.o(.data)
    hmc5883l                                 0x200000b4   Data           6  gy86.o(.data)
    circle                                   0x20000104   Data           4  comm.o(.data)
    angle                                    0x20000108   Data           4  comm.o(.data)
    Kp_temp                                  0x2000010c   Data           4  comm.o(.data)
    Ki_temp                                  0x20000110   Data           4  comm.o(.data)
    Kd_temp                                  0x20000114   Data           4  comm.o(.data)
    dt                                       0x20000120   Data           4  imu.o(.data)
    NumQ                                     0x20000134   Data          16  imu.o(.data)
    yaw_exp                                  0x20000144   Data           4  pid.o(.data)
    Pitch_Out                                0x20000148   Data           4  pid.o(.data)
    Roll_Out                                 0x2000014c   Data           4  pid.o(.data)
    Yaw_Out                                  0x20000150   Data           4  pid.o(.data)
    w_pitch_out                              0x20000154   Data           4  pid.o(.data)
    w_roll_out                               0x20000158   Data           4  pid.o(.data)
    w_yaw_out                                0x2000015c   Data           4  pid.o(.data)
    pitch_exp                                0x20000160   Data           4  pid.o(.data)
    roll_exp                                 0x20000164   Data           4  pid.o(.data)
    OSEventTbl                               0x20000170   Data         480  os_core.o(.bss)
    OSTaskStatStk                            0x20000350   Data         512  os_core.o(.bss)
    OSTaskIdleStk                            0x20000550   Data         512  os_core.o(.bss)
    OSTCBPrioTbl                             0x20000750   Data         256  os_core.o(.bss)
    OSTCBTbl                                 0x20000850   Data        1936  os_core.o(.bss)
    ch                                       0x20000fe0   Data          32  pwm.o(.bss)
    USART_RX_BUF                             0x20001000   Data          50  bluetooth.o(.bss)
    MpuOffset                                0x20001034   Data          12  gy86.o(.bss)
    MPU6050                                  0x2000104c   Data          18  gy86.o(.bss)
    mpu6050                                  0x2000105e   Data          14  gy86.o(.bss)
    Angle                                    0x2000106c   Data          12  gy86.o(.bss)
    repeat_buf                               0x20001078   Data          30  comm.o(.bss)
    exInt                                    0x20001098   Data          12  imu.o(.bss)
    Gravity                                  0x200010a4   Data          12  imu.o(.bss)
    Acc                                      0x200010b0   Data          12  imu.o(.bss)
    Gyro                                     0x200010bc   Data          12  imu.o(.bss)
    ex_acc_hmc                               0x200010c8   Data          12  imu.o(.bss)
    Mag_tran                                 0x200010d4   Data          12  imu.o(.bss)
    Mag_hmc                                  0x200010e0   Data          12  imu.o(.bss)
    In_p                                     0x200010ec   Data          28  pid.o(.bss)
    In_r                                     0x20001108   Data          28  pid.o(.bss)
    In_y                                     0x20001124   Data          28  pid.o(.bss)
    Out_p                                    0x20001140   Data          28  pid.o(.bss)
    Out_r                                    0x2000115c   Data          28  pid.o(.bss)
    Out_y                                    0x20001178   Data          28  pid.o(.bss)
    __initial_sp                             0x20001a68   Data           0  startup_stm32f40_41xxx.o(STACK)



==============================================================================

Memory Map of the image

  Image Entry point : 0x08000189

  Load Region LR_IROM1 (Base: 0x08000000, Size: 0x00005c98, Max: 0x00100000, ABSOLUTE, COMPRESSED[0x00005b64])

    Execution Region ER_IROM1 (Exec base: 0x08000000, Load base: 0x08000000, Size: 0x00005b28, Max: 0x00100000, ABSOLUTE)

    Exec Addr    Load Addr    Size         Type   Attr      Idx    E Section Name        Object

    0x08000000   0x08000000   0x00000188   Data   RO         4868    RESET               startup_stm32f40_41xxx.o
    0x08000188   0x08000188   0x00000000   Code   RO         5920  * .ARM.Collect$$$$00000000  mc_w.l(entry.o)
    0x08000188   0x08000188   0x00000004   Code   RO         6251    .ARM.Collect$$$$00000001  mc_w.l(entry2.o)
    0x0800018c   0x0800018c   0x00000004   Code   RO         6254    .ARM.Collect$$$$00000004  mc_w.l(entry5.o)
    0x08000190   0x08000190   0x00000000   Code   RO         6256    .ARM.Collect$$$$00000008  mc_w.l(entry7b.o)
    0x08000190   0x08000190   0x00000000   Code   RO         6258    .ARM.Collect$$$$0000000A  mc_w.l(entry8b.o)
    0x08000190   0x08000190   0x00000008   Code   RO         6259    .ARM.Collect$$$$0000000B  mc_w.l(entry9a.o)
    0x08000198   0x08000198   0x00000000   Code   RO         6261    .ARM.Collect$$$$0000000D  mc_w.l(entry10a.o)
    0x08000198   0x08000198   0x00000000   Code   RO         6263    .ARM.Collect$$$$0000000F  mc_w.l(entry11a.o)
    0x08000198   0x08000198   0x00000004   Code   RO         6252    .ARM.Collect$$$$00002712  mc_w.l(entry2.o)
    0x0800019c   0x0800019c   0x00000084   Code   RO         5754    .emb_text           eventrecorder.o
    0x08000220   0x08000220   0x000000d0   Code   RO          510    .text               os_cpu_a.o
    0x080002f0   0x080002f0   0x00000024   Code   RO         4869    .text               startup_stm32f40_41xxx.o
    0x08000314   0x08000314   0x00000024   Code   RO         5925    .text               mc_w.l(memseta.o)
    0x08000338   0x08000338   0x00000038   Code   RO         6190    .text               mc_w.l(__0sscanf.o)
    0x08000370   0x08000370   0x0000014c   Code   RO         6192    .text               mc_w.l(_scanf_int.o)
    0x080004bc   0x080004bc   0x00000360   Code   RO         6194    .text               mc_w.l(scanf_fp.o)
    0x0800081c   0x0800081c   0x0000014e   Code   RO         6198    .text               mf_w.l(dadd.o)
    0x0800096a   0x0800096a   0x000000e4   Code   RO         6200    .text               mf_w.l(dmul.o)
    0x08000a4e   0x08000a4e   0x000000de   Code   RO         6202    .text               mf_w.l(ddiv.o)
    0x08000b2c   0x08000b2c   0x00000022   Code   RO         6204    .text               mf_w.l(dflti.o)
    0x08000b4e   0x08000b4e   0x0000003e   Code   RO         6206    .text               mf_w.l(dfixi.o)
    0x08000b8c   0x08000b8c   0x00000026   Code   RO         6208    .text               mf_w.l(f2d.o)
    0x08000bb2   0x08000bb2   0x00000038   Code   RO         6210    .text               mf_w.l(d2f.o)
    0x08000bea   0x08000bea   0x0000002c   Code   RO         6268    .text               mc_w.l(uidiv.o)
    0x08000c16   0x08000c16   0x00000062   Code   RO         6270    .text               mc_w.l(uldiv.o)
    0x08000c78   0x08000c78   0x0000001e   Code   RO         6272    .text               mc_w.l(llshl.o)
    0x08000c96   0x08000c96   0x00000020   Code   RO         6274    .text               mc_w.l(llushr.o)
    0x08000cb6   0x08000cb6   0x00000024   Code   RO         6276    .text               mc_w.l(llsshr.o)
    0x08000cda   0x08000cda   0x0000001c   Code   RO         6285    .text               mc_w.l(_chval.o)
    0x08000cf6   0x08000cf6   0x00000002   PAD
    0x08000cf8   0x08000cf8   0x00000028   Code   RO         6287    .text               mc_w.l(scanf_char.o)
    0x08000d20   0x08000d20   0x00000040   Code   RO         6289    .text               mc_w.l(_sgetc.o)
    0x08000d60   0x08000d60   0x00000000   Code   RO         6291    .text               mc_w.l(iusefp.o)
    0x08000d60   0x08000d60   0x0000006e   Code   RO         6292    .text               mf_w.l(fepilogue.o)
    0x08000dce   0x08000dce   0x000000ba   Code   RO         6294    .text               mf_w.l(depilogue.o)
    0x08000e88   0x08000e88   0x000000a2   Code   RO         6298    .text               mf_w.l(dsqrt.o)
    0x08000f2a   0x08000f2a   0x00000018   Code   RO         6300    .text               mf_w.l(dfltul.o)
    0x08000f42   0x08000f42   0x00000030   Code   RO         6302    .text               mf_w.l(dfixul.o)
    0x08000f72   0x08000f72   0x00000002   PAD
    0x08000f74   0x08000f74   0x00000030   Code   RO         6306    .text               mf_w.l(cdrcmple.o)
    0x08000fa4   0x08000fa4   0x00000024   Code   RO         6308    .text               mc_w.l(init.o)
    0x08000fc8   0x08000fc8   0x0000000a   Code   RO         6311    .text               mc_w.l(isspace_c.o)
    0x08000fd2   0x08000fd2   0x00000002   PAD
    0x08000fd4   0x08000fd4   0x0000032c   Code   RO         6313    .text               mc_w.l(_scanf.o)
    0x08001300   0x08001300   0x00000028   Code   RO         6316    .text               mc_w.l(ctype_c.o)
    0x08001328   0x08001328   0x00000056   Code   RO         6327    .text               mc_w.l(__dczerorl2.o)
    0x0800137e   0x0800137e   0x00000002   PAD
    0x08001380   0x08001380   0x000000ac   Code   RO         5243    i.BlueTooth_Init    bluetooth.o
    0x0800142c   0x0800142c   0x00000028   Code   RO         5247    i.BlueTooth_SendString  bluetooth.o
    0x08001454   0x08001454   0x00000002   Code   RO          236    i.BusFault_Handler  stm32f4xx_it.o
    0x08001456   0x08001456   0x00000002   Code   RO          237    i.DebugMon_Handler  stm32f4xx_it.o
    0x08001458   0x08001458   0x000000fc   Code   RO         5195    i.EXTI15_10_IRQHandler  key.o
    0x08001554   0x08001554   0x00000054   Code   RO         5196    i.EXTIX_Init        key.o
    0x080015a8   0x080015a8   0x0000000c   Code   RO         2373    i.EXTI_ClearITPendingBit  stm32f4xx_exti.o
    0x080015b4   0x080015b4   0x00000014   Code   RO         2377    i.EXTI_GetITStatus  stm32f4xx_exti.o
    0x080015c8   0x080015c8   0x00000074   Code   RO         2378    i.EXTI_Init         stm32f4xx_exti.o
    0x0800163c   0x0800163c   0x00000028   Code   RO         5755    i.EventCheckFilter  eventrecorder.o
    0x08001664   0x08001664   0x00000048   Code   RO         5756    i.EventGetTS        eventrecorder.o
    0x080016ac   0x080016ac   0x0000003e   Code   RO         5757    i.EventRecord2      eventrecorder.o
    0x080016ea   0x080016ea   0x00000002   PAD
    0x080016ec   0x080016ec   0x000000b4   Code   RO         5760    i.EventRecordItem   eventrecorder.o
    0x080017a0   0x080017a0   0x00000058   Code   RO         5763    i.EventRecorderEnable  eventrecorder.o
    0x080017f8   0x080017f8   0x000000f8   Code   RO         5764    i.EventRecorderInitialize  eventrecorder.o
    0x080018f0   0x080018f0   0x00000030   Code   RO         5765    i.EventRecorderStart  eventrecorder.o
    0x08001920   0x08001920   0x0000000c   Code   RO         5767    i.EventRecorderTimerGetCount  eventrecorder.o
    0x0800192c   0x0800192c   0x00000020   Code   RO         5769    i.EventRecorderTimerSetup  eventrecorder.o
    0x0800194c   0x0800194c   0x0000007c   Code   RO         2697    i.GPIO_Init         stm32f4xx_gpio.o
    0x080019c8   0x080019c8   0x00000020   Code   RO         2698    i.GPIO_PinAFConfig  stm32f4xx_gpio.o
    0x080019e8   0x080019e8   0x0000000c   Code   RO         2709    i.GPIO_WriteBit     stm32f4xx_gpio.o
    0x080019f4   0x080019f4   0x00000740   Code   RO         5425    i.GetAngle          imu.o
    0x08002134   0x08002134   0x00000038   Code   RO         5304    i.HMC5883L_Init     gy86.o
    0x0800216c   0x0800216c   0x00000030   Code   RO         5305    i.HMC5883L_Read     gy86.o
    0x0800219c   0x0800219c   0x00000002   Code   RO          238    i.HardFault_Handler  stm32f4xx_it.o
    0x0800219e   0x0800219e   0x00000018   Code   RO         2799    i.I2C_AcknowledgeConfig  stm32f4xx_i2c.o
    0x080021b6   0x080021b6   0x00000018   Code   RO         2805    i.I2C_Cmd           stm32f4xx_i2c.o
    0x080021ce   0x080021ce   0x00000002   PAD
    0x080021d0   0x080021d0   0x0000009c   Code   RO         5464    i.I2C_Configuration  iic.o
    0x0800226c   0x0800226c   0x00000064   Code   RO         2808    i.I2C_DeInit        stm32f4xx_i2c.o
    0x080022d0   0x080022d0   0x000000bc   Code   RO         2820    i.I2C_Init          stm32f4xx_i2c.o
    0x0800238c   0x0800238c   0x000000b8   Code   RO         5466    i.I2C_READ_BYTE_LEN  iic.o
    0x08002444   0x08002444   0x00000060   Code   RO         5467    i.I2C_SEND_BYTE     iic.o
    0x080024a4   0x080024a4   0x00000030   Code   RO         5197    i.KEY_Init          key.o
    0x080024d4   0x080024d4   0x00000038   Code   RO         5306    i.MPU6050_Init      gy86.o
    0x0800250c   0x0800250c   0x00000030   Code   RO         5307    i.MPU6050_Read      gy86.o
    0x0800253c   0x0800253c   0x00000030   Code   RO         5468    i.MY_CHECK_EVENT    iic.o
    0x0800256c   0x0800256c   0x00000002   Code   RO          239    i.MemManage_Handler  stm32f4xx_it.o
    0x0800256e   0x0800256e   0x00000002   PAD
    0x08002570   0x08002570   0x00000054   Code   RO         4963    i.MotorInit_Handle  motor.o
    0x080025c4   0x080025c4   0x000000a0   Code   RO         4964    i.Motor_Init        motor.o
    0x08002664   0x08002664   0x000000b8   Code   RO         4965    i.Motor_Run         motor.o
    0x0800271c   0x0800271c   0x000000cc   Code   RO         4966    i.MovementHandle    motor.o
    0x080027e8   0x080027e8   0x000000b0   Code   RO         5308    i.MpuGetData        gy86.o
    0x08002898   0x08002898   0x00000002   Code   RO          240    i.NMI_Handler       stm32f4xx_it.o
    0x0800289a   0x0800289a   0x00000002   PAD
    0x0800289c   0x0800289c   0x00000068   Code   RO         1459    i.NVIC_Init         misc.o
    0x08002904   0x08002904   0x00000014   Code   RO         1460    i.NVIC_PriorityGroupConfig  misc.o
    0x08002918   0x08002918   0x00000150   Code   RO         5144    i.OC_PWM_Init       pwm.o
    0x08002a68   0x08002a68   0x00000026   Code   RO         5008    i.OLED_Clear        oled.o
    0x08002a8e   0x08002a8e   0x00000002   PAD
    0x08002a90   0x08002a90   0x00000054   Code   RO         5009    i.OLED_I2C_Init     oled.o
    0x08002ae4   0x08002ae4   0x00000058   Code   RO         5010    i.OLED_I2C_SendByte  oled.o
    0x08002b3c   0x08002b3c   0x00000038   Code   RO         5011    i.OLED_I2C_Start    oled.o
    0x08002b74   0x08002b74   0x00000030   Code   RO         5012    i.OLED_I2C_Stop     oled.o
    0x08002ba4   0x08002ba4   0x000000ac   Code   RO         5013    i.OLED_Init         oled.o
    0x08002c50   0x08002c50   0x00000022   Code   RO         5016    i.OLED_SetCursor    oled.o
    0x08002c72   0x08002c72   0x00000022   Code   RO         5024    i.OLED_WriteCommand  oled.o
    0x08002c94   0x08002c94   0x00000022   Code   RO         5025    i.OLED_WriteData    oled.o
    0x08002cb6   0x08002cb6   0x00000002   PAD
    0x08002cb8   0x08002cb8   0x00000018   Code   RO          649    i.OSIntEnter        os_core.o
    0x08002cd0   0x08002cd0   0x00000058   Code   RO          650    i.OSIntExit         os_core.o
    0x08002d28   0x08002d28   0x00000054   Code   RO         1179    i.OSSemPost         os_sem.o
    0x08002d7c   0x08002d7c   0x00000002   Code   RO          525    i.OSTaskSwHook      os_cpu_c.o
    0x08002d7e   0x08002d7e   0x00000002   PAD
    0x08002d80   0x08002d80   0x000000b0   Code   RO          655    i.OSTimeTick        os_core.o
    0x08002e30   0x08002e30   0x0000001c   Code   RO          526    i.OSTimeTickHook    os_cpu_c.o
    0x08002e4c   0x08002e4c   0x0000000c   Code   RO         1370    i.OSTmrSignal       os_tmr.o
    0x08002e58   0x08002e58   0x00000070   Code   RO          658    i.OS_EventTaskRdy   os_core.o
    0x08002ec8   0x08002ec8   0x00000026   Code   RO          659    i.OS_EventTaskRemove  os_core.o
    0x08002eee   0x08002eee   0x00000028   Code   RO          660    i.OS_EventTaskRemoveMulti  os_core.o
    0x08002f16   0x08002f16   0x00000002   PAD
    0x08002f18   0x08002f18   0x00000048   Code   RO          672    i.OS_Sched          os_core.o
    0x08002f60   0x08002f60   0x00000020   Code   RO          673    i.OS_SchedNew       os_core.o
    0x08002f80   0x08002f80   0x000001c8   Code   RO         5376    i.PID_DataHandle    comm.o
    0x08003148   0x08003148   0x00000130   Code   RO         5512    i.PID_In_Control    pid.o
    0x08003278   0x08003278   0x000000d4   Code   RO         5513    i.PID_Init          pid.o
    0x0800334c   0x0800334c   0x0000011c   Code   RO         5514    i.PID_Out_Control   pid.o
    0x08003468   0x08003468   0x00000028   Code   RO         5516    i.PID_StructInit    pid.o
    0x08003490   0x08003490   0x00000064   Code   RO         5145    i.PPM_Handle        pwm.o
    0x080034f4   0x080034f4   0x0000001c   Code   RO         3080    i.RCC_AHB1PeriphClockCmd  stm32f4xx_rcc.o
    0x08003510   0x08003510   0x0000001c   Code   RO         3089    i.RCC_APB1PeriphClockCmd  stm32f4xx_rcc.o
    0x0800352c   0x0800352c   0x0000001c   Code   RO         3091    i.RCC_APB1PeriphResetCmd  stm32f4xx_rcc.o
    0x08003548   0x08003548   0x0000001c   Code   RO         3092    i.RCC_APB2PeriphClockCmd  stm32f4xx_rcc.o
    0x08003564   0x08003564   0x000000a0   Code   RO         3101    i.RCC_GetClocksFreq  stm32f4xx_rcc.o
    0x08003604   0x08003604   0x00000002   Code   RO          241    i.SVC_Handler       stm32f4xx_it.o
    0x08003606   0x08003606   0x00000002   PAD
    0x08003608   0x08003608   0x0000002c   Code   RO         3947    i.SYSCFG_EXTILineConfig  stm32f4xx_syscfg.o
    0x08003634   0x08003634   0x0000016c   Code   RO         5377    i.Send_ANOTC        comm.o
    0x080037a0   0x080037a0   0x000000b0   Code   RO         4828    i.SetSysClock       system_stm32f4xx.o
    0x08003850   0x08003850   0x00000028   Code   RO         4907    i.SysTick_Config    systick.o
    0x08003878   0x08003878   0x00000012   Code   RO          242    i.SysTick_Handler   stm32f4xx_it.o
    0x0800388a   0x0800388a   0x00000056   Code   RO          311    i.Sys_Config        sys_cfg.o
    0x080038e0   0x080038e0   0x00000084   Code   RO         4829    i.SystemCoreClockUpdate  system_stm32f4xx.o
    0x08003964   0x08003964   0x0000005c   Code   RO         4830    i.SystemInit        system_stm32f4xx.o
    0x080039c0   0x080039c0   0x0000002e   Code   RO         4004    i.TI1_Config        stm32f4xx_tim.o
    0x080039ee   0x080039ee   0x00000036   Code   RO         4005    i.TI2_Config        stm32f4xx_tim.o
    0x08003a24   0x08003a24   0x00000032   Code   RO         4006    i.TI3_Config        stm32f4xx_tim.o
    0x08003a56   0x08003a56   0x00000036   Code   RO         4007    i.TI4_Config        stm32f4xx_tim.o
    0x08003a8c   0x08003a8c   0x000000ac   Code   RO         5146    i.TIM1_CC_IRQHandler  pwm.o
    0x08003b38   0x08003b38   0x000000bc   Code   RO         5147    i.TIM1_CH1_Cap_Init  pwm.o
    0x08003bf4   0x08003bf4   0x0000002a   Code   RO         5198    i.TIM2_Init         key.o
    0x08003c1e   0x08003c1e   0x00000006   Code   RO         4015    i.TIM_ClearITPendingBit  stm32f4xx_tim.o
    0x08003c24   0x08003c24   0x00000018   Code   RO         4020    i.TIM_Cmd           stm32f4xx_tim.o
    0x08003c3c   0x08003c3c   0x00000004   Code   RO         4035    i.TIM_GetCapture1   stm32f4xx_tim.o
    0x08003c40   0x08003c40   0x00000018   Code   RO         4041    i.TIM_GetITStatus   stm32f4xx_tim.o
    0x08003c58   0x08003c58   0x00000062   Code   RO         4043    i.TIM_ICInit        stm32f4xx_tim.o
    0x08003cba   0x08003cba   0x00000014   Code   RO         4045    i.TIM_ITConfig      stm32f4xx_tim.o
    0x08003cce   0x08003cce   0x0000000a   Code   RO         4047    i.TIM_InternalClockConfig  stm32f4xx_tim.o
    0x08003cd8   0x08003cd8   0x00000068   Code   RO         4049    i.TIM_OC1Init       stm32f4xx_tim.o
    0x08003d40   0x08003d40   0x0000000c   Code   RO         4051    i.TIM_OC1PolarityConfig  stm32f4xx_tim.o
    0x08003d4c   0x08003d4c   0x0000000c   Code   RO         4052    i.TIM_OC1PreloadConfig  stm32f4xx_tim.o
    0x08003d58   0x08003d58   0x00000088   Code   RO         4054    i.TIM_OC2Init       stm32f4xx_tim.o
    0x08003de0   0x08003de0   0x00000014   Code   RO         4057    i.TIM_OC2PreloadConfig  stm32f4xx_tim.o
    0x08003df4   0x08003df4   0x00000084   Code   RO         4059    i.TIM_OC3Init       stm32f4xx_tim.o
    0x08003e78   0x08003e78   0x0000000c   Code   RO         4062    i.TIM_OC3PreloadConfig  stm32f4xx_tim.o
    0x08003e84   0x08003e84   0x00000064   Code   RO         4064    i.TIM_OC4Init       stm32f4xx_tim.o
    0x08003ee8   0x08003ee8   0x00000014   Code   RO         4066    i.TIM_OC4PreloadConfig  stm32f4xx_tim.o
    0x08003efc   0x08003efc   0x00000014   Code   RO         4067    i.TIM_OCStructInit  stm32f4xx_tim.o
    0x08003f10   0x08003f10   0x00000004   Code   RO         4082    i.TIM_SetCompare1   stm32f4xx_tim.o
    0x08003f14   0x08003f14   0x00000004   Code   RO         4083    i.TIM_SetCompare2   stm32f4xx_tim.o
    0x08003f18   0x08003f18   0x00000004   Code   RO         4084    i.TIM_SetCompare3   stm32f4xx_tim.o
    0x08003f1c   0x08003f1c   0x00000004   Code   RO         4085    i.TIM_SetCompare4   stm32f4xx_tim.o
    0x08003f20   0x08003f20   0x00000004   Code   RO         4086    i.TIM_SetCounter    stm32f4xx_tim.o
    0x08003f24   0x08003f24   0x00000010   Code   RO         4087    i.TIM_SetIC1Prescaler  stm32f4xx_tim.o
    0x08003f34   0x08003f34   0x00000018   Code   RO         4088    i.TIM_SetIC2Prescaler  stm32f4xx_tim.o
    0x08003f4c   0x08003f4c   0x00000010   Code   RO         4089    i.TIM_SetIC3Prescaler  stm32f4xx_tim.o
    0x08003f5c   0x08003f5c   0x00000018   Code   RO         4090    i.TIM_SetIC4Prescaler  stm32f4xx_tim.o
    0x08003f74   0x08003f74   0x0000007c   Code   RO         4092    i.TIM_TimeBaseInit  stm32f4xx_tim.o
    0x08003ff0   0x08003ff0   0x0000007c   Code   RO         5248    i.USART1_IRQHandler  bluetooth.o
    0x0800406c   0x0800406c   0x00000008   Code   RO         4570    i.USART_ClearFlag   stm32f4xx_usart.o
    0x08004074   0x08004074   0x00000018   Code   RO         4574    i.USART_Cmd         stm32f4xx_usart.o
    0x0800408c   0x0800408c   0x0000000e   Code   RO         4577    i.USART_GetFlagStatus  stm32f4xx_usart.o
    0x0800409a   0x0800409a   0x00000036   Code   RO         4580    i.USART_ITConfig    stm32f4xx_usart.o
    0x080040d0   0x080040d0   0x000000bc   Code   RO         4581    i.USART_Init        stm32f4xx_usart.o
    0x0800418c   0x0800418c   0x00000008   Code   RO         4588    i.USART_ReceiveData  stm32f4xx_usart.o
    0x08004194   0x08004194   0x00000008   Code   RO         4591    i.USART_SendData    stm32f4xx_usart.o
    0x0800419c   0x0800419c   0x00000002   Code   RO          243    i.UsageFault_Handler  stm32f4xx_it.o
    0x0800419e   0x0800419e   0x00000002   PAD
    0x080041a0   0x080041a0   0x00000028   Code   RO         6164    i.__0sprintf        mc_w.l(printfa.o)
    0x080041c8   0x080041c8   0x00000030   Code   RO         6246    i.__ARM_fpclassify  m_wm.l(fpclassify.o)
    0x080041f8   0x080041f8   0x00000360   Code   RO         5882    i.__hardfp_asin     m_wm.l(asin.o)
    0x08004558   0x08004558   0x000002d8   Code   RO         6212    i.__hardfp_atan     m_wm.l(atan.o)
    0x08004830   0x08004830   0x000001f0   Code   RO         5896    i.__hardfp_atan2    m_wm.l(atan2.o)
    0x08004a20   0x08004a20   0x0000007a   Code   RO         5908    i.__hardfp_sqrt     m_wm.l(sqrt.o)
    0x08004a9a   0x08004a9a   0x000000f8   Code   RO         6248    i.__kernel_poly     m_wm.l(poly.o)
    0x08004b92   0x08004b92   0x00000014   Code   RO         6227    i.__mathlib_dbl_infnan  m_wm.l(dunder.o)
    0x08004ba6   0x08004ba6   0x00000014   Code   RO         6228    i.__mathlib_dbl_infnan2  m_wm.l(dunder.o)
    0x08004bba   0x08004bba   0x00000006   PAD
    0x08004bc0   0x08004bc0   0x00000020   Code   RO         6229    i.__mathlib_dbl_invalid  m_wm.l(dunder.o)
    0x08004be0   0x08004be0   0x00000020   Code   RO         6232    i.__mathlib_dbl_underflow  m_wm.l(dunder.o)
    0x08004c00   0x08004c00   0x0000000e   Code   RO         6321    i.__scatterload_copy  mc_w.l(handlers.o)
    0x08004c0e   0x08004c0e   0x00000002   Code   RO         6322    i.__scatterload_null  mc_w.l(handlers.o)
    0x08004c10   0x08004c10   0x0000000e   Code   RO         6323    i.__scatterload_zeroinit  mc_w.l(handlers.o)
    0x08004c1e   0x08004c1e   0x00000002   PAD
    0x08004c20   0x08004c20   0x0000000c   Code   RO         6280    i.__set_errno       mc_w.l(errno.o)
    0x08004c2c   0x08004c2c   0x00000184   Code   RO         6169    i._fp_digits        mc_w.l(printfa.o)
    0x08004db0   0x08004db0   0x0000000e   Code   RO         6196    i._is_digit         mc_w.l(scanf_fp.o)
    0x08004dbe   0x08004dbe   0x00000002   PAD
    0x08004dc0   0x08004dc0   0x000006dc   Code   RO         6170    i._printf_core      mc_w.l(printfa.o)
    0x0800549c   0x0800549c   0x00000024   Code   RO         6171    i._printf_post_padding  mc_w.l(printfa.o)
    0x080054c0   0x080054c0   0x0000002e   Code   RO         6172    i._printf_pre_padding  mc_w.l(printfa.o)
    0x080054ee   0x080054ee   0x0000000a   Code   RO         6174    i._sputc            mc_w.l(printfa.o)
    0x080054f8   0x080054f8   0x00000010   Code   RO         6214    i.atan              m_wm.l(atan.o)
    0x08005508   0x08005508   0x00000164   Code   RO         5309    i.calibrate         gy86.o
    0x0800566c   0x0800566c   0x00000038   Code   RO         5770    i.crc16_ccitt       eventrecorder.o
    0x080056a4   0x080056a4   0x00000038   Code   RO         4909    i.delay_ms          systick.o
    0x080056dc   0x080056dc   0x00000018   Code   RO         6242    i.fabs              m_wm.l(fabs.o)
    0x080056f4   0x080056f4   0x00000034   Code   RO         4876    i.led_init          led.o
    0x08005728   0x08005728   0x000000ec   Code   RO            4    i.main              main.o
    0x08005814   0x08005814   0x00000038   Code   RO         5379    i.my_usart_transmit  comm.o
    0x0800584c   0x0800584c   0x0000006e   Code   RO         5910    i.sqrt              m_wm.l(sqrt.o)
    0x080058ba   0x080058ba   0x00000100   Data   RO          686    .constdata          os_core.o
    0x080059ba   0x080059ba   0x00000002   PAD
    0x080059bc   0x080059bc   0x00000004   Data   RO         5430    .constdata          imu.o
    0x080059c0   0x080059c0   0x00000018   Data   RO         5772    .constdata          eventrecorder.o
    0x080059d8   0x080059d8   0x00000050   Data   RO         5885    .constdata          m_wm.l(asin.o)
    0x08005a28   0x08005a28   0x00000098   Data   RO         6215    .constdata          m_wm.l(atan.o)
    0x08005ac0   0x08005ac0   0x00000008   Data   RO         6250    .constdata          m_wm.l(qnan.o)
    0x08005ac8   0x08005ac8   0x00000040   Data   RO         6317    .constdata          mc_w.l(ctype_c.o)
    0x08005b08   0x08005b08   0x00000020   Data   RO         6319    Region$$Table       anon$$obj.o


    Execution Region RW_IRAM1 (Exec base: 0x20000000, Load base: 0x08005b28, Size: 0x00001a68, Max: 0x00020000, ABSOLUTE, COMPRESSED[0x0000003c])

    Exec Addr    Load Addr    Size         Type   Attr      Idx    E Section Name        Object

    0x20000000   COMPRESSED   0x00000004   Data   RW            5    .data               main.o
    0x20000004   COMPRESSED   0x00000002   Data   RW          529    .data               os_cpu_c.o
    0x20000006   COMPRESSED   0x00000002   PAD
    0x20000008   COMPRESSED   0x0000003c   Data   RW          687    .data               os_core.o
    0x20000044   COMPRESSED   0x00000004   Data   RW          695    .data               os_core.o
    0x20000048   COMPRESSED   0x00000010   Data   RW         3133    .data               stm32f4xx_rcc.o
    0x20000058   COMPRESSED   0x00000014   Data   RW         4831    .data               system_stm32f4xx.o
    0x2000006c   COMPRESSED   0x00000014   Data   RW         4967    .data               motor.o
    0x20000080   COMPRESSED   0x00000001   Data   RW         5027    .data               oled.o
    0x20000081   COMPRESSED   0x00000003   PAD
    0x20000084   COMPRESSED   0x0000000c   Data   RW         5149    .data               pwm.o
    0x20000090   COMPRESSED   0x00000001   Data   RW         5150    .data               pwm.o
    0x20000091   COMPRESSED   0x00000001   Data   RW         5151    .data               pwm.o
    0x20000092   COMPRESSED   0x00000002   PAD
    0x20000094   COMPRESSED   0x0000000c   Data   RW         5199    .data               key.o
    0x200000a0   COMPRESSED   0x00000002   Data   RW         5250    .data               bluetooth.o
    0x200000a2   COMPRESSED   0x00000002   PAD
    0x200000a4   COMPRESSED   0x00000060   Data   RW         5313    .data               gy86.o
    0x20000104   COMPRESSED   0x00000014   Data   RW         5381    .data               comm.o
    0x20000118   COMPRESSED   0x0000002c   Data   RW         5434    .data               imu.o
    0x20000144   COMPRESSED   0x00000024   Data   RW         5518    .data               pid.o
    0x20000168   COMPRESSED   0x00000001   Data   RW         5773    .data               eventrecorder.o
    0x20000169   COMPRESSED   0x00000003   PAD
    0x2000016c   COMPRESSED   0x00000004   Data   RW         6281    .data               mc_w.l(errno.o)
    0x20000170        -       0x00000e70   Zero   RW          679    .bss                os_core.o
    0x20000fe0        -       0x00000020   Zero   RW         5148    .bss                pwm.o
    0x20001000        -       0x00000032   Zero   RW         5249    .bss                bluetooth.o
    0x20001032   COMPRESSED   0x00000002   PAD
    0x20001034        -       0x00000038   Zero   RW         5311    .bss                gy86.o
    0x2000106c        -       0x0000000c   Zero   RW         5312    .bss                gy86.o
    0x20001078        -       0x0000001e   Zero   RW         5380    .bss                comm.o
    0x20001096   COMPRESSED   0x00000002   PAD
    0x20001098        -       0x00000054   Zero   RW         5426    .bss                imu.o
    0x200010ec        -       0x000000a8   Zero   RW         5517    .bss                pid.o
    0x20001194   COMPRESSED   0x0000002c   PAD
    0x200011c0        -       0x000004a4   Zero   RW         5771    .bss.noinit         eventrecorder.o
    0x20001664   COMPRESSED   0x00000004   PAD
    0x20001668        -       0x00000400   Zero   RW         4866    STACK               startup_stm32f40_41xxx.o


==============================================================================

Image component sizes


      Code (inc. data)   RO Data    RW Data    ZI Data      Debug   Object Name

       336         26          0          2         50       2552   bluetooth.o
       876        106          0         20         30       3152   comm.o
       970         80         24          1       1188      18083   eventrecorder.o
       740         30          0         96         68       6331   gy86.o
       484         28          0          0          0       3161   iic.o
      1856         58          4         44         84       2978   imu.o
       426         48          0         12          0       2779   key.o
        52          6          0          0          0        507   led.o
       236         48          0          4          0     302252   main.o
       124         16          0          0          0     298267   misc.o
       632         90          0         20          0       2719   motor.o
       588         20          0          1          0       5704   oled.o
       582         46        256         64       3696      14722   os_core.o
       208         32          0          0          0        328   os_cpu_a.o
        30          4          0          2          0       2100   os_cpu_c.o
        84          0          0          0          0        728   os_sem.o
        12          4          0          0          0        490   os_tmr.o
       840         88          0         36        168       3373   pid.o
       796         66          0         14         32       3717   pwm.o
        36          8        392          0       1024        844   startup_stm32f40_41xxx.o
       148         16          0          0          0       2180   stm32f4xx_exti.o
       168          0          0          0          0       2343   stm32f4xx_gpio.o
       336         22          0          0          0       3214   stm32f4xx_i2c.o
        32          0          0          0          0      13461   stm32f4xx_it.o
       272         36          0         16          0       5392   stm32f4xx_rcc.o
        44          6          0          0          0        656   stm32f4xx_syscfg.o
      1182         60          0          0          0      20595   stm32f4xx_tim.o
       304          8          0          0          0       5351   stm32f4xx_usart.o
        86          0          0          0          0        545   sys_cfg.o
       400         48          0         20          0       2549   system_stm32f4xx.o
        96         10          0          0          0      30914   systick.o

    ----------------------------------------------------------------------
     12996       1010        710        364       6392     761987   Object Totals
         0          0         32          0          0          0   (incl. Generated)
        20          0          2         12         52          0   (incl. Padding)

    ----------------------------------------------------------------------

      Code (inc. data)   RO Data    RW Data    ZI Data      Debug   Library Member Name

       864         94         80          0          0        280   asin.o
       744        106        152          0          0        352   atan.o
       496         64          0          0          0        192   atan2.o
       104         16          0          0          0        496   dunder.o
        24          0          0          0          0        124   fabs.o
        48          0          0          0          0        124   fpclassify.o
       248          0          0          0          0        152   poly.o
         0          0          8          0          0          0   qnan.o
       232          0          0          0          0        296   sqrt.o
        56          8          0          0          0         84   __0sscanf.o
        86          0          0          0          0          0   __dczerorl2.o
        28          0          0          0          0         68   _chval.o
       812          4          0          0          0        112   _scanf.o
       332          0          0          0          0         96   _scanf_int.o
        64          0          0          0          0         84   _sgetc.o
        40          6         64          0          0         68   ctype_c.o
         0          0          0          0          0          0   entry.o
         0          0          0          0          0          0   entry10a.o
         0          0          0          0          0          0   entry11a.o
         8          4          0          0          0          0   entry2.o
         4          0          0          0          0          0   entry5.o
         0          0          0          0          0          0   entry7b.o
         0          0          0          0          0          0   entry8b.o
         8          4          0          0          0          0   entry9a.o
        12          6          0          4          0         68   errno.o
        30          0          0          0          0          0   handlers.o
        36          8          0          0          0         68   init.o
        10          0          0          0          0         68   isspace_c.o
         0          0          0          0          0          0   iusefp.o
        30          0          0          0          0         68   llshl.o
        36          0          0          0          0         68   llsshr.o
        32          0          0          0          0         68   llushr.o
        36          0          0          0          0        108   memseta.o
      2276         86          0          0          0        520   printfa.o
        40          8          0          0          0         84   scanf_char.o
       878         12          0          0          0        216   scanf_fp.o
        44          0          0          0          0         80   uidiv.o
        98          0          0          0          0         92   uldiv.o
        48          0          0          0          0         68   cdrcmple.o
        56          0          0          0          0         88   d2f.o
       334          0          0          0          0        148   dadd.o
       222          0          0          0          0        100   ddiv.o
       186          0          0          0          0        176   depilogue.o
        62          0          0          0          0         80   dfixi.o
        48          0          0          0          0         68   dfixul.o
        34          0          0          0          0         76   dflti.o
        24          0          0          0          0         76   dfltul.o
       228          0          0          0          0         96   dmul.o
       162          0          0          0          0        100   dsqrt.o
        38          0          0          0          0         68   f2d.o
       110          0          0          0          0        168   fepilogue.o

    ----------------------------------------------------------------------
      9326        426        304          4          0       5348   Library Totals
        18          0          0          0          0          0   (incl. Padding)

    ----------------------------------------------------------------------

      Code (inc. data)   RO Data    RW Data    ZI Data      Debug   Library Name

      2760        280        240          0          0       2016   m_wm.l
      4996        146         64          4          0       2020   mc_w.l
      1552          0          0          0          0       1312   mf_w.l

    ----------------------------------------------------------------------
      9326        426        304          4          0       5348   Library Totals

    ----------------------------------------------------------------------

==============================================================================


      Code (inc. data)   RO Data    RW Data    ZI Data      Debug   

     22322       1436       1014        368       6392     751751   Grand Totals
     22322       1436       1014         60       6392     751751   ELF Image Totals (compressed)
     22322       1436       1014         60          0          0   ROM Totals

==============================================================================

    Total RO  Size (Code + RO Data)                23336 (  22.79kB)
    Total RW  Size (RW Data + ZI Data)              6760 (   6.60kB)
    Total ROM Size (Code + RO Data + RW Data)      23396 (  22.85kB)

==============================================================================

